#
# There is insufficient memory for the Java Runtime Environment to continue.
# Native memory allocation (malloc) failed to allocate 896016 bytes. Error detail: Chunk::new
# Possible reasons:
#   The system is out of physical RAM or swap space
#   This process is running with CompressedOops enabled, and the Java Heap may be blocking the growth of the native heap
# Possible solutions:
#   Reduce memory load on the system
#   Increase physical memory or swap space
#   Check if swap backing store is full
#   Decrease Java heap size (-Xmx/-Xms)
#   Decrease number of Java threads
#   Decrease Java thread stack sizes (-Xss)
#   Set larger code cache with -XX:ReservedCodeCacheSize=
#   JVM is running with Unscaled Compressed Oops mode in which the Java heap is
#     placed in the first 4GB address space. The Java Heap base address is the
#     maximum limit for the native heap growth. Please use -XX:HeapBaseMinAddress
#     to set the Java Heap base and to place the Java Heap above 4GB virtual address.
# This output file may be truncated or incomplete.
#
#  Out of Memory Error (arena.cpp:168), pid=1692, tid=4012
#
# JRE version: OpenJDK Runtime Environment Microsoft-13106404 (21.0.10+7) (build 21.0.10+7-LTS)
# Java VM: OpenJDK 64-Bit Server VM Microsoft-13106404 (21.0.10+7-LTS, mixed mode, sharing, tiered, compressed oops, compressed class ptrs, g1 gc, windows-amd64)
# No core dump will be written. Minidumps are not enabled by default on client versions of Windows
#

---------------  S U M M A R Y ------------

Command Line: --add-opens=java.base/java.util=ALL-UNNAMED --add-opens=java.base/java.lang=ALL-UNNAMED --add-opens=java.base/java.lang.invoke=ALL-UNNAMED --add-opens=java.prefs/java.util.prefs=ALL-UNNAMED --add-opens=java.base/java.nio.charset=ALL-UNNAMED --add-opens=java.base/java.net=ALL-UNNAMED --add-opens=java.base/java.util.concurrent.atomic=ALL-UNNAMED -XX:MaxMetaspaceSize=384m -XX:+HeapDumpOnOutOfMemoryError -Xms256m -Xmx512m -Dfile.encoding=UTF-8 -Duser.country=FR -Duser.language=fr -Duser.variant -javaagent:C:\Users\Veloniaina Emilien\.gradle\wrapper\dists\gradle-8.7-bin\bhs2wmbdwecv87pi65oeuq5iu\gradle-8.7\lib\agents\gradle-instrumentation-agent-8.7.jar org.gradle.launcher.daemon.bootstrap.GradleDaemon 8.7

Host: Intel(R) Core(TM) i7-7500U CPU @ 2.70GHz, 4 cores, 7G,  Windows 10 , 64 bit Build 19041 (10.0.19041.2913)
Time: Tue Apr 28 00:55:49 2026 elapsed time: 16.771109 seconds (0d 0h 0m 16s)

---------------  T H R E A D  ---------------

Current thread (0x0000027bb0ea8520):  JavaThread "C2 CompilerThread0" daemon [_thread_in_native, id=4012, stack(0x000000e721b00000,0x000000e721c00000) (1024K)]


Current CompileTask:
C2:16771 8127       4       org.objectweb.asm.ClassReader::readCode (5117 bytes)

Stack: [0x000000e721b00000,0x000000e721c00000]
Native frames: (J=compiled Java code, j=interpreted, Vv=VM code, C=native code)
V  [jvm.dll+0x6dfe69]  (no source info available)
V  [jvm.dll+0x8bfe4b]  (no source info available)
V  [jvm.dll+0x8c23da]  (no source info available)
V  [jvm.dll+0x8c2ab3]  (no source info available)
V  [jvm.dll+0x28a9e6]  (no source info available)
V  [jvm.dll+0xc903d]  (no source info available)
V  [jvm.dll+0xc958c]  (no source info available)
V  [jvm.dll+0x301a5e]  (no source info available)
V  [jvm.dll+0x6097f7]  (no source info available)
V  [jvm.dll+0x25b9a7]  (no source info available)
V  [jvm.dll+0x253d3b]  (no source info available)
V  [jvm.dll+0x251b81]  (no source info available)
V  [jvm.dll+0x1d1adf]  (no source info available)
V  [jvm.dll+0x26195a]  (no source info available)
V  [jvm.dll+0x25fcc5]  (no source info available)
V  [jvm.dll+0x402155]  (no source info available)
V  [jvm.dll+0x86ab8d]  (no source info available)
V  [jvm.dll+0x6e141d]  (no source info available)
C  [ucrtbase.dll+0x21bb2]  (no source info available)
C  [KERNEL32.DLL+0x17614]  (no source info available)
C  [ntdll.dll+0x526a1]  (no source info available)


---------------  P R O C E S S  ---------------

Threads class SMR info:
_java_thread_list=0x0000027bcb23bb70, length=39, elements={
0x0000027b94640b50, 0x0000027bb0e93d10, 0x0000027bb0e96050, 0x0000027bb0e97f40,
0x0000027bb0e9a9b0, 0x0000027bb0e9b820, 0x0000027bb0e9c280, 0x0000027bb0ea8520,
0x0000027bb0eacfe0, 0x0000027bca162d60, 0x0000027bca2a82a0, 0x0000027bcbba6030,
0x0000027bcbbbecb0, 0x0000027bcbb0a0e0, 0x0000027bcbc2ad70, 0x0000027bcb3eaed0,
0x0000027bcbf19360, 0x0000027bcb71f260, 0x0000027bcbe7ba40, 0x0000027bcbe7c760,
0x0000027bcbe7c0d0, 0x0000027bcbe7db10, 0x0000027bcbe7cdf0, 0x0000027bcbe7b3b0,
0x0000027bcbe7e1a0, 0x0000027bcbe7ad20, 0x0000027bcdba1c80, 0x0000027bcdba5100,
0x0000027bcdb9fbb0, 0x0000027bcdba5790, 0x0000027bcdba0240, 0x0000027bcdba29a0,
0x0000027bcdb9e800, 0x0000027bcdba2310, 0x0000027bcdba08d0, 0x0000027bcdba0f60,
0x0000027bcdb9f520, 0x0000027bcdba3d50, 0x0000027bcf49a6d0
}

Java Threads: ( => current thread )
  0x0000027b94640b50 JavaThread "main"                              [_thread_blocked, id=6772, stack(0x000000e720d00000,0x000000e720e00000) (1024K)]
  0x0000027bb0e93d10 JavaThread "Reference Handler"          daemon [_thread_blocked, id=2500, stack(0x000000e721500000,0x000000e721600000) (1024K)]
  0x0000027bb0e96050 JavaThread "Finalizer"                  daemon [_thread_blocked, id=2604, stack(0x000000e721600000,0x000000e721700000) (1024K)]
  0x0000027bb0e97f40 JavaThread "Signal Dispatcher"          daemon [_thread_blocked, id=6724, stack(0x000000e721700000,0x000000e721800000) (1024K)]
  0x0000027bb0e9a9b0 JavaThread "Attach Listener"            daemon [_thread_blocked, id=9704, stack(0x000000e721800000,0x000000e721900000) (1024K)]
  0x0000027bb0e9b820 JavaThread "Service Thread"             daemon [_thread_blocked, id=12656, stack(0x000000e721900000,0x000000e721a00000) (1024K)]
  0x0000027bb0e9c280 JavaThread "Monitor Deflation Thread"   daemon [_thread_blocked, id=876, stack(0x000000e721a00000,0x000000e721b00000) (1024K)]
=>0x0000027bb0ea8520 JavaThread "C2 CompilerThread0"         daemon [_thread_in_native, id=4012, stack(0x000000e721b00000,0x000000e721c00000) (1024K)]
  0x0000027bb0eacfe0 JavaThread "C1 CompilerThread0"         daemon [_thread_blocked, id=9004, stack(0x000000e721c00000,0x000000e721d00000) (1024K)]
  0x0000027bca162d60 JavaThread "Common-Cleaner"             daemon [_thread_blocked, id=8632, stack(0x000000e721d00000,0x000000e721e00000) (1024K)]
  0x0000027bca2a82a0 JavaThread "Notification Thread"        daemon [_thread_blocked, id=2904, stack(0x000000e721e00000,0x000000e721f00000) (1024K)]
  0x0000027bcbba6030 JavaThread "Daemon health stats"               [_thread_blocked, id=11700, stack(0x000000e722300000,0x000000e722400000) (1024K)]
  0x0000027bcbbbecb0 JavaThread "Incoming local TCP Connector on port 4453"        [_thread_in_native, id=11160, stack(0x000000e722400000,0x000000e722500000) (1024K)]
  0x0000027bcbb0a0e0 JavaThread "Daemon periodic checks"            [_thread_blocked, id=1136, stack(0x000000e722500000,0x000000e722600000) (1024K)]
  0x0000027bcbc2ad70 JavaThread "Daemon"                            [_thread_blocked, id=10348, stack(0x000000e722600000,0x000000e722700000) (1024K)]
  0x0000027bcb3eaed0 JavaThread "Handler for socket connection from /127.0.0.1:4453 to /127.0.0.1:4454"        [_thread_in_native, id=5012, stack(0x000000e722700000,0x000000e722800000) (1024K)]
  0x0000027bcbf19360 JavaThread "Cancel handler"                    [_thread_blocked, id=5684, stack(0x000000e722800000,0x000000e722900000) (1024K)]
  0x0000027bcb71f260 JavaThread "Daemon worker"                     [_thread_in_Java, id=2560, stack(0x000000e722900000,0x000000e722a00000) (1024K)]
  0x0000027bcbe7ba40 JavaThread "Asynchronous log dispatcher for DefaultDaemonConnection: socket connection from /127.0.0.1:4453 to /127.0.0.1:4454"        [_thread_blocked, id=12680, stack(0x000000e722a00000,0x000000e722b00000) (1024K)]
  0x0000027bcbe7c760 JavaThread "Stdin handler"                     [_thread_blocked, id=5144, stack(0x000000e722b00000,0x000000e722c00000) (1024K)]
  0x0000027bcbe7c0d0 JavaThread "Daemon client event forwarder"        [_thread_blocked, id=7492, stack(0x000000e722c00000,0x000000e722d00000) (1024K)]
  0x0000027bcbe7db10 JavaThread "Cache worker for journal cache (C:\Users\Veloniaina Emilien\.gradle\caches\journal-1)"        [_thread_blocked, id=8252, stack(0x000000e722d00000,0x000000e722e00000) (1024K)]
  0x0000027bcbe7cdf0 JavaThread "File lock request listener"        [_thread_in_native, id=6604, stack(0x000000e722e00000,0x000000e722f00000) (1024K)]
  0x0000027bcbe7b3b0 JavaThread "Cache worker for file hash cache (C:\Users\Veloniaina Emilien\.gradle\caches\8.7\fileHashes)"        [_thread_blocked, id=13276, stack(0x000000e722f00000,0x000000e723000000) (1024K)]
  0x0000027bcbe7e1a0 JavaThread "Cache worker for file hash cache (F:\HEI\Hackaton\fidio-api\.gradle\8.7\fileHashes)"        [_thread_blocked, id=3920, stack(0x000000e723000000,0x000000e723100000) (1024K)]
  0x0000027bcbe7ad20 JavaThread "File watcher server"        daemon [_thread_in_native, id=1108, stack(0x000000e723100000,0x000000e723200000) (1024K)]
  0x0000027bcdba1c80 JavaThread "File watcher consumer"      daemon [_thread_blocked, id=6232, stack(0x000000e723200000,0x000000e723300000) (1024K)]
  0x0000027bcdba5100 JavaThread "jar transforms"                    [_thread_blocked, id=2132, stack(0x000000e721f00000,0x000000e722000000) (1024K)]
  0x0000027bcdb9fbb0 JavaThread "jar transforms Thread 2"           [_thread_blocked, id=10352, stack(0x000000e723300000,0x000000e723400000) (1024K)]
  0x0000027bcdba5790 JavaThread "jar transforms Thread 3"           [_thread_blocked, id=11920, stack(0x000000e723400000,0x000000e723500000) (1024K)]
  0x0000027bcdba0240 JavaThread "jar transforms Thread 4"           [_thread_blocked, id=4168, stack(0x000000e723500000,0x000000e723600000) (1024K)]
  0x0000027bcdba29a0 JavaThread "Cache worker for checksums cache (F:\HEI\Hackaton\fidio-api\.gradle\8.7\checksums)"        [_thread_blocked, id=4724, stack(0x000000e723700000,0x000000e723800000) (1024K)]
  0x0000027bcdb9e800 JavaThread "Cache worker for cache directory md-supplier (C:\Users\Veloniaina Emilien\.gradle\caches\8.7\md-supplier)"        [_thread_blocked, id=1196, stack(0x000000e723800000,0x000000e723900000) (1024K)]
  0x0000027bcdba2310 JavaThread "Cache worker for cache directory md-rule (C:\Users\Veloniaina Emilien\.gradle\caches\8.7\md-rule)"        [_thread_blocked, id=7080, stack(0x000000e723900000,0x000000e723a00000) (1024K)]
  0x0000027bcdba08d0 JavaThread "Cache worker for file content cache (C:\Users\Veloniaina Emilien\.gradle\caches\8.7\fileContent)"        [_thread_blocked, id=9916, stack(0x000000e723a00000,0x000000e723b00000) (1024K)]
  0x0000027bcdba0f60 JavaThread "Unconstrained build operations"        [_thread_blocked, id=4496, stack(0x000000e723b00000,0x000000e723c00000) (1024K)]
  0x0000027bcdb9f520 JavaThread "Unconstrained build operations Thread 2"        [_thread_blocked, id=6256, stack(0x000000e723c00000,0x000000e723d00000) (1024K)]
  0x0000027bcdba3d50 JavaThread "Unconstrained build operations Thread 3"        [_thread_blocked, id=11640, stack(0x000000e723d00000,0x000000e723e00000) (1024K)]
  0x0000027bcf49a6d0 JavaThread "C2 CompilerThread1"         daemon [_thread_blocked, id=11492, stack(0x000000e723600000,0x000000e723700000) (1024K)]
Total: 39

Other Threads:
  0x0000027bb0e7cf90 VMThread "VM Thread"                           [id=12488, stack(0x000000e721400000,0x000000e721500000) (1024K)]
  0x0000027bb0e6a290 WatcherThread "VM Periodic Task Thread"        [id=7192, stack(0x000000e721300000,0x000000e721400000) (1024K)]
  0x0000027b96880440 WorkerThread "GC Thread#0"                     [id=2728, stack(0x000000e720e00000,0x000000e720f00000) (1024K)]
  0x0000027bca492e20 WorkerThread "GC Thread#1"                     [id=12280, stack(0x000000e722000000,0x000000e722100000) (1024K)]
  0x0000027bca4931d0 WorkerThread "GC Thread#2"                     [id=2212, stack(0x000000e722100000,0x000000e722200000) (1024K)]
  0x0000027bca58d6b0 WorkerThread "GC Thread#3"                     [id=7044, stack(0x000000e722200000,0x000000e722300000) (1024K)]
  0x0000027b968854f0 ConcurrentGCThread "G1 Main Marker"            [id=124, stack(0x000000e720f00000,0x000000e721000000) (1024K)]
  0x0000027b968866b0 WorkerThread "G1 Conc#0"                       [id=9024, stack(0x000000e721000000,0x000000e721100000) (1024K)]
  0x0000027b9692e700 ConcurrentGCThread "G1 Refine#0"               [id=2852, stack(0x000000e721100000,0x000000e721200000) (1024K)]
  0x0000027bb0d3b3d0 ConcurrentGCThread "G1 Service"                [id=6100, stack(0x000000e721200000,0x000000e721300000) (1024K)]
Total: 10

Threads with active compile tasks:
C2 CompilerThread0  16821 8127       4       org.objectweb.asm.ClassReader::readCode (5117 bytes)
Total: 1

VM state: not at safepoint (normal execution)

VM Mutex/Monitor currently owned by a thread: None

Heap address: 0x00000000e0000000, size: 512 MB, Compressed Oops mode: 32-bit

CDS archive(s) mapped at: [0x0000027bb1000000-0x0000027bb1c80000-0x0000027bb1c80000), size 13107200, SharedBaseAddress: 0x0000027bb1000000, ArchiveRelocationMode: 1.
Compressed class space mapped at: 0x0000027bb2000000-0x0000027bc6000000, reserved size: 335544320
Narrow klass base: 0x0000027bb1000000, Narrow klass shift: 0, Narrow klass range: 0x100000000

GC Precious Log:
 CardTable entry size: 512
 Card Set container configuration: InlinePtr #cards 5 size 8 Array Of Cards #cards 12 size 40 Howl #buckets 4 coarsen threshold 1843 Howl Bitmap #cards 512 size 80 coarsen threshold 460 Card regions per heap region 1 cards per card region 2048
 CPUs: 4 total, 4 available
 Memory: 8072M
 Large Page Support: Disabled
 NUMA Support: Disabled
 Compressed Oops: Enabled (32-bit)
 Heap Region Size: 1M
 Heap Min Capacity: 256M
 Heap Initial Capacity: 256M
 Heap Max Capacity: 512M
 Pre-touch: Disabled
 Parallel Workers: 4
 Concurrent Workers: 1
 Concurrent Refinement Workers: 4
 Periodic GC: Disabled

Heap:
 garbage-first heap   total 262144K, used 107179K [0x00000000e0000000, 0x0000000100000000)
  region size 1024K, 49 young (50176K), 6 survivors (6144K)
 Metaspace       used 52862K, committed 54400K, reserved 393216K
  class space    used 7366K, committed 8128K, reserved 327680K

Heap Regions: E=young(eden), S=young(survivor), O=old, HS=humongous(starts), HC=humongous(continues), CS=collection set, F=free, TAMS=top-at-mark-start, PB=parsable bottom
|   0|0x00000000e0000000, 0x00000000e0100000, 0x00000000e0100000|100%|HS|  |TAMS 0x00000000e0000000| PB 0x00000000e0000000| Complete 
|   1|0x00000000e0100000, 0x00000000e0200000, 0x00000000e0200000|100%|HC|  |TAMS 0x00000000e0100000| PB 0x00000000e0100000| Complete 
|   2|0x00000000e0200000, 0x00000000e0300000, 0x00000000e0300000|100%|HC|  |TAMS 0x00000000e0200000| PB 0x00000000e0200000| Complete 
|   3|0x00000000e0300000, 0x00000000e0400000, 0x00000000e0400000|100%|HC|  |TAMS 0x00000000e0300000| PB 0x00000000e0300000| Complete 
|   4|0x00000000e0400000, 0x00000000e0500000, 0x00000000e0500000|100%| O|  |TAMS 0x00000000e0400000| PB 0x00000000e0400000| Untracked 
|   5|0x00000000e0500000, 0x00000000e0600000, 0x00000000e0600000|100%| O|  |TAMS 0x00000000e0500000| PB 0x00000000e0500000| Untracked 
|   6|0x00000000e0600000, 0x00000000e0700000, 0x00000000e0700000|100%| O|  |TAMS 0x00000000e0600000| PB 0x00000000e0600000| Untracked 
|   7|0x00000000e0700000, 0x00000000e0800000, 0x00000000e0800000|100%|HS|  |TAMS 0x00000000e0700000| PB 0x00000000e0700000| Complete 
|   8|0x00000000e0800000, 0x00000000e0900000, 0x00000000e0900000|100%| O|  |TAMS 0x00000000e0800000| PB 0x00000000e0800000| Untracked 
|   9|0x00000000e0900000, 0x00000000e0a00000, 0x00000000e0a00000|100%| O|  |TAMS 0x00000000e0900000| PB 0x00000000e0900000| Untracked 
|  10|0x00000000e0a00000, 0x00000000e0b00000, 0x00000000e0b00000|100%| O|  |TAMS 0x00000000e0a00000| PB 0x00000000e0a00000| Untracked 
|  11|0x00000000e0b00000, 0x00000000e0c00000, 0x00000000e0c00000|100%| O|  |TAMS 0x00000000e0b00000| PB 0x00000000e0b00000| Untracked 
|  12|0x00000000e0c00000, 0x00000000e0d00000, 0x00000000e0d00000|100%|HS|  |TAMS 0x00000000e0c00000| PB 0x00000000e0c00000| Complete 
|  13|0x00000000e0d00000, 0x00000000e0e00000, 0x00000000e0e00000|100%|HC|  |TAMS 0x00000000e0d00000| PB 0x00000000e0d00000| Complete 
|  14|0x00000000e0e00000, 0x00000000e0f00000, 0x00000000e0f00000|100%|HC|  |TAMS 0x00000000e0e00000| PB 0x00000000e0e00000| Complete 
|  15|0x00000000e0f00000, 0x00000000e1000000, 0x00000000e1000000|100%|HC|  |TAMS 0x00000000e0f00000| PB 0x00000000e0f00000| Complete 
|  16|0x00000000e1000000, 0x00000000e1100000, 0x00000000e1100000|100%|HC|  |TAMS 0x00000000e1000000| PB 0x00000000e1000000| Complete 
|  17|0x00000000e1100000, 0x00000000e1200000, 0x00000000e1200000|100%|HC|  |TAMS 0x00000000e1100000| PB 0x00000000e1100000| Complete 
|  18|0x00000000e1200000, 0x00000000e1300000, 0x00000000e1300000|100%|HS|  |TAMS 0x00000000e1200000| PB 0x00000000e1200000| Complete 
|  19|0x00000000e1300000, 0x00000000e1400000, 0x00000000e1400000|100%|HS|  |TAMS 0x00000000e1300000| PB 0x00000000e1300000| Complete 
|  20|0x00000000e1400000, 0x00000000e1500000, 0x00000000e1500000|100%|HC|  |TAMS 0x00000000e1400000| PB 0x00000000e1400000| Complete 
|  21|0x00000000e1500000, 0x00000000e1600000, 0x00000000e1600000|100%|HC|  |TAMS 0x00000000e1500000| PB 0x00000000e1500000| Complete 
|  22|0x00000000e1600000, 0x00000000e1700000, 0x00000000e1700000|100%|HC|  |TAMS 0x00000000e1600000| PB 0x00000000e1600000| Complete 
|  23|0x00000000e1700000, 0x00000000e1800000, 0x00000000e1800000|100%|HC|  |TAMS 0x00000000e1700000| PB 0x00000000e1700000| Complete 
|  24|0x00000000e1800000, 0x00000000e1900000, 0x00000000e1900000|100%|HC|  |TAMS 0x00000000e1800000| PB 0x00000000e1800000| Complete 
|  25|0x00000000e1900000, 0x00000000e1a00000, 0x00000000e1a00000|100%|HS|  |TAMS 0x00000000e1900000| PB 0x00000000e1900000| Complete 
|  26|0x00000000e1a00000, 0x00000000e1b00000, 0x00000000e1b00000|100%|HS|  |TAMS 0x00000000e1a00000| PB 0x00000000e1a00000| Complete 
|  27|0x00000000e1b00000, 0x00000000e1c00000, 0x00000000e1c00000|100%| O|  |TAMS 0x00000000e1b00000| PB 0x00000000e1b00000| Untracked 
|  28|0x00000000e1c00000, 0x00000000e1d00000, 0x00000000e1d00000|100%| O|  |TAMS 0x00000000e1c00000| PB 0x00000000e1c00000| Untracked 
|  29|0x00000000e1d00000, 0x00000000e1e00000, 0x00000000e1e00000|100%| O|  |TAMS 0x00000000e1d00000| PB 0x00000000e1d00000| Untracked 
|  30|0x00000000e1e00000, 0x00000000e1f00000, 0x00000000e1f00000|100%| O|  |TAMS 0x00000000e1e00000| PB 0x00000000e1e00000| Untracked 
|  31|0x00000000e1f00000, 0x00000000e2000000, 0x00000000e2000000|100%| O|  |TAMS 0x00000000e1f00000| PB 0x00000000e1f00000| Untracked 
|  32|0x00000000e2000000, 0x00000000e2100000, 0x00000000e2100000|100%|HS|  |TAMS 0x00000000e2000000| PB 0x00000000e2000000| Complete 
|  33|0x00000000e2100000, 0x00000000e2200000, 0x00000000e2200000|100%| O|  |TAMS 0x00000000e2100000| PB 0x00000000e2100000| Untracked 
|  34|0x00000000e2200000, 0x00000000e2300000, 0x00000000e2300000|100%| O|  |TAMS 0x00000000e2200000| PB 0x00000000e2200000| Untracked 
|  35|0x00000000e2300000, 0x00000000e2400000, 0x00000000e2400000|100%| O|  |TAMS 0x00000000e2300000| PB 0x00000000e2300000| Untracked 
|  36|0x00000000e2400000, 0x00000000e2500000, 0x00000000e2500000|100%| O|  |TAMS 0x00000000e2400000| PB 0x00000000e2400000| Untracked 
|  37|0x00000000e2500000, 0x00000000e2600000, 0x00000000e2600000|100%| O|  |TAMS 0x00000000e2500000| PB 0x00000000e2500000| Untracked 
|  38|0x00000000e2600000, 0x00000000e2700000, 0x00000000e2700000|100%| O|  |TAMS 0x00000000e2600000| PB 0x00000000e2600000| Untracked 
|  39|0x00000000e2700000, 0x00000000e2800000, 0x00000000e2800000|100%| O|  |TAMS 0x00000000e2700000| PB 0x00000000e2700000| Untracked 
|  40|0x00000000e2800000, 0x00000000e2900000, 0x00000000e2900000|100%| O|  |TAMS 0x00000000e2800000| PB 0x00000000e2800000| Untracked 
|  41|0x00000000e2900000, 0x00000000e2a00000, 0x00000000e2a00000|100%| O|  |TAMS 0x00000000e2900000| PB 0x00000000e2900000| Untracked 
|  42|0x00000000e2a00000, 0x00000000e2b00000, 0x00000000e2b00000|100%| O|  |TAMS 0x00000000e2a00000| PB 0x00000000e2a00000| Untracked 
|  43|0x00000000e2b00000, 0x00000000e2c00000, 0x00000000e2c00000|100%| O|  |TAMS 0x00000000e2b00000| PB 0x00000000e2b00000| Untracked 
|  44|0x00000000e2c00000, 0x00000000e2d00000, 0x00000000e2d00000|100%| O|  |TAMS 0x00000000e2c00000| PB 0x00000000e2c00000| Untracked 
|  45|0x00000000e2d00000, 0x00000000e2e00000, 0x00000000e2e00000|100%| O|  |TAMS 0x00000000e2d00000| PB 0x00000000e2d00000| Untracked 
|  46|0x00000000e2e00000, 0x00000000e2f00000, 0x00000000e2f00000|100%| O|  |TAMS 0x00000000e2e00000| PB 0x00000000e2e00000| Untracked 
|  47|0x00000000e2f00000, 0x00000000e3000000, 0x00000000e3000000|100%| O|  |TAMS 0x00000000e2f00000| PB 0x00000000e2f00000| Untracked 
|  48|0x00000000e3000000, 0x00000000e3100000, 0x00000000e3100000|100%| O|  |TAMS 0x00000000e3000000| PB 0x00000000e3000000| Untracked 
|  49|0x00000000e3100000, 0x00000000e3200000, 0x00000000e3200000|100%|HS|  |TAMS 0x00000000e3100000| PB 0x00000000e3100000| Complete 
|  50|0x00000000e3200000, 0x00000000e3300000, 0x00000000e3300000|100%| O|  |TAMS 0x00000000e3200000| PB 0x00000000e3200000| Untracked 
|  51|0x00000000e3300000, 0x00000000e3400000, 0x00000000e3400000|100%| O|  |TAMS 0x00000000e3300000| PB 0x00000000e3300000| Untracked 
|  52|0x00000000e3400000, 0x00000000e3500000, 0x00000000e3500000|100%| O|  |TAMS 0x00000000e3400000| PB 0x00000000e3400000| Untracked 
|  53|0x00000000e3500000, 0x00000000e3600000, 0x00000000e3600000|100%| O|  |TAMS 0x00000000e3500000| PB 0x00000000e3500000| Untracked 
|  54|0x00000000e3600000, 0x00000000e3700000, 0x00000000e3700000|100%| O|  |TAMS 0x00000000e3600000| PB 0x00000000e3600000| Untracked 
|  55|0x00000000e3700000, 0x00000000e3800000, 0x00000000e3800000|100%| O|  |TAMS 0x00000000e3700000| PB 0x00000000e3700000| Untracked 
|  56|0x00000000e3800000, 0x00000000e3900000, 0x00000000e3900000|100%| O|  |TAMS 0x00000000e3800000| PB 0x00000000e3800000| Untracked 
|  57|0x00000000e3900000, 0x00000000e39cae00, 0x00000000e3a00000| 79%| O|  |TAMS 0x00000000e3900000| PB 0x00000000e3900000| Untracked 
|  58|0x00000000e3a00000, 0x00000000e3a00000, 0x00000000e3b00000|  0%| F|  |TAMS 0x00000000e3a00000| PB 0x00000000e3a00000| Untracked 
|  59|0x00000000e3b00000, 0x00000000e3b00000, 0x00000000e3c00000|  0%| F|  |TAMS 0x00000000e3b00000| PB 0x00000000e3b00000| Untracked 
|  60|0x00000000e3c00000, 0x00000000e3c00000, 0x00000000e3d00000|  0%| F|  |TAMS 0x00000000e3c00000| PB 0x00000000e3c00000| Untracked 
|  61|0x00000000e3d00000, 0x00000000e3d00000, 0x00000000e3e00000|  0%| F|  |TAMS 0x00000000e3d00000| PB 0x00000000e3d00000| Untracked 
|  62|0x00000000e3e00000, 0x00000000e3e00000, 0x00000000e3f00000|  0%| F|  |TAMS 0x00000000e3e00000| PB 0x00000000e3e00000| Untracked 
|  63|0x00000000e3f00000, 0x00000000e3f00000, 0x00000000e4000000|  0%| F|  |TAMS 0x00000000e3f00000| PB 0x00000000e3f00000| Untracked 
|  64|0x00000000e4000000, 0x00000000e4000000, 0x00000000e4100000|  0%| F|  |TAMS 0x00000000e4000000| PB 0x00000000e4000000| Untracked 
|  65|0x00000000e4100000, 0x00000000e4100000, 0x00000000e4200000|  0%| F|  |TAMS 0x00000000e4100000| PB 0x00000000e4100000| Untracked 
|  66|0x00000000e4200000, 0x00000000e4200000, 0x00000000e4300000|  0%| F|  |TAMS 0x00000000e4200000| PB 0x00000000e4200000| Untracked 
|  67|0x00000000e4300000, 0x00000000e4300000, 0x00000000e4400000|  0%| F|  |TAMS 0x00000000e4300000| PB 0x00000000e4300000| Untracked 
|  68|0x00000000e4400000, 0x00000000e4400000, 0x00000000e4500000|  0%| F|  |TAMS 0x00000000e4400000| PB 0x00000000e4400000| Untracked 
|  69|0x00000000e4500000, 0x00000000e4500000, 0x00000000e4600000|  0%| F|  |TAMS 0x00000000e4500000| PB 0x00000000e4500000| Untracked 
|  70|0x00000000e4600000, 0x00000000e4600000, 0x00000000e4700000|  0%| F|  |TAMS 0x00000000e4600000| PB 0x00000000e4600000| Untracked 
|  71|0x00000000e4700000, 0x00000000e4700000, 0x00000000e4800000|  0%| F|  |TAMS 0x00000000e4700000| PB 0x00000000e4700000| Untracked 
|  72|0x00000000e4800000, 0x00000000e4800000, 0x00000000e4900000|  0%| F|  |TAMS 0x00000000e4800000| PB 0x00000000e4800000| Untracked 
|  73|0x00000000e4900000, 0x00000000e4900000, 0x00000000e4a00000|  0%| F|  |TAMS 0x00000000e4900000| PB 0x00000000e4900000| Untracked 
|  74|0x00000000e4a00000, 0x00000000e4a00000, 0x00000000e4b00000|  0%| F|  |TAMS 0x00000000e4a00000| PB 0x00000000e4a00000| Untracked 
|  75|0x00000000e4b00000, 0x00000000e4b00000, 0x00000000e4c00000|  0%| F|  |TAMS 0x00000000e4b00000| PB 0x00000000e4b00000| Untracked 
|  76|0x00000000e4c00000, 0x00000000e4c00000, 0x00000000e4d00000|  0%| F|  |TAMS 0x00000000e4c00000| PB 0x00000000e4c00000| Untracked 
|  77|0x00000000e4d00000, 0x00000000e4d00000, 0x00000000e4e00000|  0%| F|  |TAMS 0x00000000e4d00000| PB 0x00000000e4d00000| Untracked 
|  78|0x00000000e4e00000, 0x00000000e4e00000, 0x00000000e4f00000|  0%| F|  |TAMS 0x00000000e4e00000| PB 0x00000000e4e00000| Untracked 
|  79|0x00000000e4f00000, 0x00000000e4f00000, 0x00000000e5000000|  0%| F|  |TAMS 0x00000000e4f00000| PB 0x00000000e4f00000| Untracked 
|  80|0x00000000e5000000, 0x00000000e5000000, 0x00000000e5100000|  0%| F|  |TAMS 0x00000000e5000000| PB 0x00000000e5000000| Untracked 
|  81|0x00000000e5100000, 0x00000000e5100000, 0x00000000e5200000|  0%| F|  |TAMS 0x00000000e5100000| PB 0x00000000e5100000| Untracked 
|  82|0x00000000e5200000, 0x00000000e5200000, 0x00000000e5300000|  0%| F|  |TAMS 0x00000000e5200000| PB 0x00000000e5200000| Untracked 
|  83|0x00000000e5300000, 0x00000000e5300000, 0x00000000e5400000|  0%| F|  |TAMS 0x00000000e5300000| PB 0x00000000e5300000| Untracked 
|  84|0x00000000e5400000, 0x00000000e5400000, 0x00000000e5500000|  0%| F|  |TAMS 0x00000000e5400000| PB 0x00000000e5400000| Untracked 
|  85|0x00000000e5500000, 0x00000000e5500000, 0x00000000e5600000|  0%| F|  |TAMS 0x00000000e5500000| PB 0x00000000e5500000| Untracked 
|  86|0x00000000e5600000, 0x00000000e5600000, 0x00000000e5700000|  0%| F|  |TAMS 0x00000000e5600000| PB 0x00000000e5600000| Untracked 
|  87|0x00000000e5700000, 0x00000000e5700000, 0x00000000e5800000|  0%| F|  |TAMS 0x00000000e5700000| PB 0x00000000e5700000| Untracked 
|  88|0x00000000e5800000, 0x00000000e5800000, 0x00000000e5900000|  0%| F|  |TAMS 0x00000000e5800000| PB 0x00000000e5800000| Untracked 
|  89|0x00000000e5900000, 0x00000000e5900000, 0x00000000e5a00000|  0%| F|  |TAMS 0x00000000e5900000| PB 0x00000000e5900000| Untracked 
|  90|0x00000000e5a00000, 0x00000000e5a00000, 0x00000000e5b00000|  0%| F|  |TAMS 0x00000000e5a00000| PB 0x00000000e5a00000| Untracked 
|  91|0x00000000e5b00000, 0x00000000e5b00000, 0x00000000e5c00000|  0%| F|  |TAMS 0x00000000e5b00000| PB 0x00000000e5b00000| Untracked 
|  92|0x00000000e5c00000, 0x00000000e5c00000, 0x00000000e5d00000|  0%| F|  |TAMS 0x00000000e5c00000| PB 0x00000000e5c00000| Untracked 
|  93|0x00000000e5d00000, 0x00000000e5d00000, 0x00000000e5e00000|  0%| F|  |TAMS 0x00000000e5d00000| PB 0x00000000e5d00000| Untracked 
|  94|0x00000000e5e00000, 0x00000000e5e00000, 0x00000000e5f00000|  0%| F|  |TAMS 0x00000000e5e00000| PB 0x00000000e5e00000| Untracked 
|  95|0x00000000e5f00000, 0x00000000e5f00000, 0x00000000e6000000|  0%| F|  |TAMS 0x00000000e5f00000| PB 0x00000000e5f00000| Untracked 
|  96|0x00000000e6000000, 0x00000000e6000000, 0x00000000e6100000|  0%| F|  |TAMS 0x00000000e6000000| PB 0x00000000e6000000| Untracked 
|  97|0x00000000e6100000, 0x00000000e61dff20, 0x00000000e6200000| 87%| S|CS|TAMS 0x00000000e6100000| PB 0x00000000e6100000| Complete 
|  98|0x00000000e6200000, 0x00000000e6200000, 0x00000000e6300000|  0%| F|  |TAMS 0x00000000e6200000| PB 0x00000000e6200000| Untracked 
|  99|0x00000000e6300000, 0x00000000e6400000, 0x00000000e6400000|100%| S|CS|TAMS 0x00000000e6300000| PB 0x00000000e6300000| Complete 
| 100|0x00000000e6400000, 0x00000000e6500000, 0x00000000e6500000|100%| S|CS|TAMS 0x00000000e6400000| PB 0x00000000e6400000| Complete 
| 101|0x00000000e6500000, 0x00000000e6600000, 0x00000000e6600000|100%| S|CS|TAMS 0x00000000e6500000| PB 0x00000000e6500000| Complete 
| 102|0x00000000e6600000, 0x00000000e6700000, 0x00000000e6700000|100%| S|CS|TAMS 0x00000000e6600000| PB 0x00000000e6600000| Complete 
| 103|0x00000000e6700000, 0x00000000e6700000, 0x00000000e6800000|  0%| F|  |TAMS 0x00000000e6700000| PB 0x00000000e6700000| Untracked 
| 104|0x00000000e6800000, 0x00000000e6800000, 0x00000000e6900000|  0%| F|  |TAMS 0x00000000e6800000| PB 0x00000000e6800000| Untracked 
| 105|0x00000000e6900000, 0x00000000e6900000, 0x00000000e6a00000|  0%| F|  |TAMS 0x00000000e6900000| PB 0x00000000e6900000| Untracked 
| 106|0x00000000e6a00000, 0x00000000e6a00000, 0x00000000e6b00000|  0%| F|  |TAMS 0x00000000e6a00000| PB 0x00000000e6a00000| Untracked 
| 107|0x00000000e6b00000, 0x00000000e6c00000, 0x00000000e6c00000|100%| S|CS|TAMS 0x00000000e6b00000| PB 0x00000000e6b00000| Complete 
| 108|0x00000000e6c00000, 0x00000000e6c00000, 0x00000000e6d00000|  0%| F|  |TAMS 0x00000000e6c00000| PB 0x00000000e6c00000| Untracked 
| 109|0x00000000e6d00000, 0x00000000e6d00000, 0x00000000e6e00000|  0%| F|  |TAMS 0x00000000e6d00000| PB 0x00000000e6d00000| Untracked 
| 110|0x00000000e6e00000, 0x00000000e6e00000, 0x00000000e6f00000|  0%| F|  |TAMS 0x00000000e6e00000| PB 0x00000000e6e00000| Untracked 
| 111|0x00000000e6f00000, 0x00000000e6f00000, 0x00000000e7000000|  0%| F|  |TAMS 0x00000000e6f00000| PB 0x00000000e6f00000| Untracked 
| 112|0x00000000e7000000, 0x00000000e7000000, 0x00000000e7100000|  0%| F|  |TAMS 0x00000000e7000000| PB 0x00000000e7000000| Untracked 
| 113|0x00000000e7100000, 0x00000000e7100000, 0x00000000e7200000|  0%| F|  |TAMS 0x00000000e7100000| PB 0x00000000e7100000| Untracked 
| 114|0x00000000e7200000, 0x00000000e7200000, 0x00000000e7300000|  0%| F|  |TAMS 0x00000000e7200000| PB 0x00000000e7200000| Untracked 
| 115|0x00000000e7300000, 0x00000000e7300000, 0x00000000e7400000|  0%| F|  |TAMS 0x00000000e7300000| PB 0x00000000e7300000| Untracked 
| 116|0x00000000e7400000, 0x00000000e7400000, 0x00000000e7500000|  0%| F|  |TAMS 0x00000000e7400000| PB 0x00000000e7400000| Untracked 
| 117|0x00000000e7500000, 0x00000000e7500000, 0x00000000e7600000|  0%| F|  |TAMS 0x00000000e7500000| PB 0x00000000e7500000| Untracked 
| 118|0x00000000e7600000, 0x00000000e7600000, 0x00000000e7700000|  0%| F|  |TAMS 0x00000000e7600000| PB 0x00000000e7600000| Untracked 
| 119|0x00000000e7700000, 0x00000000e7700000, 0x00000000e7800000|  0%| F|  |TAMS 0x00000000e7700000| PB 0x00000000e7700000| Untracked 
| 120|0x00000000e7800000, 0x00000000e7800000, 0x00000000e7900000|  0%| F|  |TAMS 0x00000000e7800000| PB 0x00000000e7800000| Untracked 
| 121|0x00000000e7900000, 0x00000000e7900000, 0x00000000e7a00000|  0%| F|  |TAMS 0x00000000e7900000| PB 0x00000000e7900000| Untracked 
| 122|0x00000000e7a00000, 0x00000000e7a00000, 0x00000000e7b00000|  0%| F|  |TAMS 0x00000000e7a00000| PB 0x00000000e7a00000| Untracked 
| 123|0x00000000e7b00000, 0x00000000e7b00000, 0x00000000e7c00000|  0%| F|  |TAMS 0x00000000e7b00000| PB 0x00000000e7b00000| Untracked 
| 124|0x00000000e7c00000, 0x00000000e7c00000, 0x00000000e7d00000|  0%| F|  |TAMS 0x00000000e7c00000| PB 0x00000000e7c00000| Untracked 
| 125|0x00000000e7d00000, 0x00000000e7d00000, 0x00000000e7e00000|  0%| F|  |TAMS 0x00000000e7d00000| PB 0x00000000e7d00000| Untracked 
| 126|0x00000000e7e00000, 0x00000000e7e00000, 0x00000000e7f00000|  0%| F|  |TAMS 0x00000000e7e00000| PB 0x00000000e7e00000| Untracked 
| 127|0x00000000e7f00000, 0x00000000e7f00000, 0x00000000e8000000|  0%| F|  |TAMS 0x00000000e7f00000| PB 0x00000000e7f00000| Untracked 
| 128|0x00000000e8000000, 0x00000000e8000000, 0x00000000e8100000|  0%| F|  |TAMS 0x00000000e8000000| PB 0x00000000e8000000| Untracked 
| 129|0x00000000e8100000, 0x00000000e8100000, 0x00000000e8200000|  0%| F|  |TAMS 0x00000000e8100000| PB 0x00000000e8100000| Untracked 
| 130|0x00000000e8200000, 0x00000000e8200000, 0x00000000e8300000|  0%| F|  |TAMS 0x00000000e8200000| PB 0x00000000e8200000| Untracked 
| 131|0x00000000e8300000, 0x00000000e8300000, 0x00000000e8400000|  0%| F|  |TAMS 0x00000000e8300000| PB 0x00000000e8300000| Untracked 
| 132|0x00000000e8400000, 0x00000000e8400000, 0x00000000e8500000|  0%| F|  |TAMS 0x00000000e8400000| PB 0x00000000e8400000| Untracked 
| 133|0x00000000e8500000, 0x00000000e8500000, 0x00000000e8600000|  0%| F|  |TAMS 0x00000000e8500000| PB 0x00000000e8500000| Untracked 
| 134|0x00000000e8600000, 0x00000000e8600000, 0x00000000e8700000|  0%| F|  |TAMS 0x00000000e8600000| PB 0x00000000e8600000| Untracked 
| 135|0x00000000e8700000, 0x00000000e8700000, 0x00000000e8800000|  0%| F|  |TAMS 0x00000000e8700000| PB 0x00000000e8700000| Untracked 
| 136|0x00000000e8800000, 0x00000000e8800000, 0x00000000e8900000|  0%| F|  |TAMS 0x00000000e8800000| PB 0x00000000e8800000| Untracked 
| 137|0x00000000e8900000, 0x00000000e8900000, 0x00000000e8a00000|  0%| F|  |TAMS 0x00000000e8900000| PB 0x00000000e8900000| Untracked 
| 138|0x00000000e8a00000, 0x00000000e8a00000, 0x00000000e8b00000|  0%| F|  |TAMS 0x00000000e8a00000| PB 0x00000000e8a00000| Untracked 
| 139|0x00000000e8b00000, 0x00000000e8b00000, 0x00000000e8c00000|  0%| F|  |TAMS 0x00000000e8b00000| PB 0x00000000e8b00000| Untracked 
| 140|0x00000000e8c00000, 0x00000000e8c00000, 0x00000000e8d00000|  0%| F|  |TAMS 0x00000000e8c00000| PB 0x00000000e8c00000| Untracked 
| 141|0x00000000e8d00000, 0x00000000e8d00000, 0x00000000e8e00000|  0%| F|  |TAMS 0x00000000e8d00000| PB 0x00000000e8d00000| Untracked 
| 142|0x00000000e8e00000, 0x00000000e8e00000, 0x00000000e8f00000|  0%| F|  |TAMS 0x00000000e8e00000| PB 0x00000000e8e00000| Untracked 
| 143|0x00000000e8f00000, 0x00000000e8f00000, 0x00000000e9000000|  0%| F|  |TAMS 0x00000000e8f00000| PB 0x00000000e8f00000| Untracked 
| 144|0x00000000e9000000, 0x00000000e9000000, 0x00000000e9100000|  0%| F|  |TAMS 0x00000000e9000000| PB 0x00000000e9000000| Untracked 
| 145|0x00000000e9100000, 0x00000000e9100000, 0x00000000e9200000|  0%| F|  |TAMS 0x00000000e9100000| PB 0x00000000e9100000| Untracked 
| 146|0x00000000e9200000, 0x00000000e9200000, 0x00000000e9300000|  0%| F|  |TAMS 0x00000000e9200000| PB 0x00000000e9200000| Untracked 
| 147|0x00000000e9300000, 0x00000000e9300000, 0x00000000e9400000|  0%| F|  |TAMS 0x00000000e9300000| PB 0x00000000e9300000| Untracked 
| 148|0x00000000e9400000, 0x00000000e9400000, 0x00000000e9500000|  0%| F|  |TAMS 0x00000000e9400000| PB 0x00000000e9400000| Untracked 
| 149|0x00000000e9500000, 0x00000000e9500000, 0x00000000e9600000|  0%| F|  |TAMS 0x00000000e9500000| PB 0x00000000e9500000| Untracked 
| 150|0x00000000e9600000, 0x00000000e9600000, 0x00000000e9700000|  0%| F|  |TAMS 0x00000000e9600000| PB 0x00000000e9600000| Untracked 
| 151|0x00000000e9700000, 0x00000000e9700000, 0x00000000e9800000|  0%| F|  |TAMS 0x00000000e9700000| PB 0x00000000e9700000| Untracked 
| 152|0x00000000e9800000, 0x00000000e9800000, 0x00000000e9900000|  0%| F|  |TAMS 0x00000000e9800000| PB 0x00000000e9800000| Untracked 
| 153|0x00000000e9900000, 0x00000000e9900000, 0x00000000e9a00000|  0%| F|  |TAMS 0x00000000e9900000| PB 0x00000000e9900000| Untracked 
| 154|0x00000000e9a00000, 0x00000000e9a00000, 0x00000000e9b00000|  0%| F|  |TAMS 0x00000000e9a00000| PB 0x00000000e9a00000| Untracked 
| 155|0x00000000e9b00000, 0x00000000e9b00000, 0x00000000e9c00000|  0%| F|  |TAMS 0x00000000e9b00000| PB 0x00000000e9b00000| Untracked 
| 156|0x00000000e9c00000, 0x00000000e9c00000, 0x00000000e9d00000|  0%| F|  |TAMS 0x00000000e9c00000| PB 0x00000000e9c00000| Untracked 
| 157|0x00000000e9d00000, 0x00000000e9d00000, 0x00000000e9e00000|  0%| F|  |TAMS 0x00000000e9d00000| PB 0x00000000e9d00000| Untracked 
| 158|0x00000000e9e00000, 0x00000000e9e00000, 0x00000000e9f00000|  0%| F|  |TAMS 0x00000000e9e00000| PB 0x00000000e9e00000| Untracked 
| 159|0x00000000e9f00000, 0x00000000e9f00000, 0x00000000ea000000|  0%| F|  |TAMS 0x00000000e9f00000| PB 0x00000000e9f00000| Untracked 
| 160|0x00000000ea000000, 0x00000000ea000000, 0x00000000ea100000|  0%| F|  |TAMS 0x00000000ea000000| PB 0x00000000ea000000| Untracked 
| 161|0x00000000ea100000, 0x00000000ea100000, 0x00000000ea200000|  0%| F|  |TAMS 0x00000000ea100000| PB 0x00000000ea100000| Untracked 
| 162|0x00000000ea200000, 0x00000000ea200000, 0x00000000ea300000|  0%| F|  |TAMS 0x00000000ea200000| PB 0x00000000ea200000| Untracked 
| 163|0x00000000ea300000, 0x00000000ea300000, 0x00000000ea400000|  0%| F|  |TAMS 0x00000000ea300000| PB 0x00000000ea300000| Untracked 
| 164|0x00000000ea400000, 0x00000000ea400000, 0x00000000ea500000|  0%| F|  |TAMS 0x00000000ea400000| PB 0x00000000ea400000| Untracked 
| 165|0x00000000ea500000, 0x00000000ea500000, 0x00000000ea600000|  0%| F|  |TAMS 0x00000000ea500000| PB 0x00000000ea500000| Untracked 
| 166|0x00000000ea600000, 0x00000000ea600000, 0x00000000ea700000|  0%| F|  |TAMS 0x00000000ea600000| PB 0x00000000ea600000| Untracked 
| 167|0x00000000ea700000, 0x00000000ea700000, 0x00000000ea800000|  0%| F|  |TAMS 0x00000000ea700000| PB 0x00000000ea700000| Untracked 
| 168|0x00000000ea800000, 0x00000000ea800000, 0x00000000ea900000|  0%| F|  |TAMS 0x00000000ea800000| PB 0x00000000ea800000| Untracked 
| 169|0x00000000ea900000, 0x00000000ea900000, 0x00000000eaa00000|  0%| F|  |TAMS 0x00000000ea900000| PB 0x00000000ea900000| Untracked 
| 170|0x00000000eaa00000, 0x00000000eaa00000, 0x00000000eab00000|  0%| F|  |TAMS 0x00000000eaa00000| PB 0x00000000eaa00000| Untracked 
| 171|0x00000000eab00000, 0x00000000eab00000, 0x00000000eac00000|  0%| F|  |TAMS 0x00000000eab00000| PB 0x00000000eab00000| Untracked 
| 172|0x00000000eac00000, 0x00000000eac00000, 0x00000000ead00000|  0%| F|  |TAMS 0x00000000eac00000| PB 0x00000000eac00000| Untracked 
| 173|0x00000000ead00000, 0x00000000ead00000, 0x00000000eae00000|  0%| F|  |TAMS 0x00000000ead00000| PB 0x00000000ead00000| Untracked 
| 174|0x00000000eae00000, 0x00000000eae00000, 0x00000000eaf00000|  0%| F|  |TAMS 0x00000000eae00000| PB 0x00000000eae00000| Untracked 
| 175|0x00000000eaf00000, 0x00000000eaf00000, 0x00000000eb000000|  0%| F|  |TAMS 0x00000000eaf00000| PB 0x00000000eaf00000| Untracked 
| 176|0x00000000eb000000, 0x00000000eb000000, 0x00000000eb100000|  0%| F|  |TAMS 0x00000000eb000000| PB 0x00000000eb000000| Untracked 
| 177|0x00000000eb100000, 0x00000000eb100000, 0x00000000eb200000|  0%| F|  |TAMS 0x00000000eb100000| PB 0x00000000eb100000| Untracked 
| 178|0x00000000eb200000, 0x00000000eb200000, 0x00000000eb300000|  0%| F|  |TAMS 0x00000000eb200000| PB 0x00000000eb200000| Untracked 
| 179|0x00000000eb300000, 0x00000000eb300000, 0x00000000eb400000|  0%| F|  |TAMS 0x00000000eb300000| PB 0x00000000eb300000| Untracked 
| 180|0x00000000eb400000, 0x00000000eb400000, 0x00000000eb500000|  0%| F|  |TAMS 0x00000000eb400000| PB 0x00000000eb400000| Untracked 
| 181|0x00000000eb500000, 0x00000000eb500000, 0x00000000eb600000|  0%| F|  |TAMS 0x00000000eb500000| PB 0x00000000eb500000| Untracked 
| 182|0x00000000eb600000, 0x00000000eb600000, 0x00000000eb700000|  0%| F|  |TAMS 0x00000000eb600000| PB 0x00000000eb600000| Untracked 
| 183|0x00000000eb700000, 0x00000000eb700000, 0x00000000eb800000|  0%| F|  |TAMS 0x00000000eb700000| PB 0x00000000eb700000| Untracked 
| 184|0x00000000eb800000, 0x00000000eb800000, 0x00000000eb900000|  0%| F|  |TAMS 0x00000000eb800000| PB 0x00000000eb800000| Untracked 
| 185|0x00000000eb900000, 0x00000000eb900000, 0x00000000eba00000|  0%| F|  |TAMS 0x00000000eb900000| PB 0x00000000eb900000| Untracked 
| 186|0x00000000eba00000, 0x00000000eba00000, 0x00000000ebb00000|  0%| F|  |TAMS 0x00000000eba00000| PB 0x00000000eba00000| Untracked 
| 187|0x00000000ebb00000, 0x00000000ebb00000, 0x00000000ebc00000|  0%| F|  |TAMS 0x00000000ebb00000| PB 0x00000000ebb00000| Untracked 
| 188|0x00000000ebc00000, 0x00000000ebc00000, 0x00000000ebd00000|  0%| F|  |TAMS 0x00000000ebc00000| PB 0x00000000ebc00000| Untracked 
| 189|0x00000000ebd00000, 0x00000000ebd00000, 0x00000000ebe00000|  0%| F|  |TAMS 0x00000000ebd00000| PB 0x00000000ebd00000| Untracked 
| 190|0x00000000ebe00000, 0x00000000ebe00000, 0x00000000ebf00000|  0%| F|  |TAMS 0x00000000ebe00000| PB 0x00000000ebe00000| Untracked 
| 191|0x00000000ebf00000, 0x00000000ebf00000, 0x00000000ec000000|  0%| F|  |TAMS 0x00000000ebf00000| PB 0x00000000ebf00000| Untracked 
| 192|0x00000000ec000000, 0x00000000ec000000, 0x00000000ec100000|  0%| F|  |TAMS 0x00000000ec000000| PB 0x00000000ec000000| Untracked 
| 193|0x00000000ec100000, 0x00000000ec100000, 0x00000000ec200000|  0%| F|  |TAMS 0x00000000ec100000| PB 0x00000000ec100000| Untracked 
| 194|0x00000000ec200000, 0x00000000ec200000, 0x00000000ec300000|  0%| F|  |TAMS 0x00000000ec200000| PB 0x00000000ec200000| Untracked 
| 195|0x00000000ec300000, 0x00000000ec300000, 0x00000000ec400000|  0%| F|  |TAMS 0x00000000ec300000| PB 0x00000000ec300000| Untracked 
| 196|0x00000000ec400000, 0x00000000ec400000, 0x00000000ec500000|  0%| F|  |TAMS 0x00000000ec400000| PB 0x00000000ec400000| Untracked 
| 197|0x00000000ec500000, 0x00000000ec500000, 0x00000000ec600000|  0%| F|  |TAMS 0x00000000ec500000| PB 0x00000000ec500000| Untracked 
| 198|0x00000000ec600000, 0x00000000ec600000, 0x00000000ec700000|  0%| F|  |TAMS 0x00000000ec600000| PB 0x00000000ec600000| Untracked 
| 199|0x00000000ec700000, 0x00000000ec700000, 0x00000000ec800000|  0%| F|  |TAMS 0x00000000ec700000| PB 0x00000000ec700000| Untracked 
| 200|0x00000000ec800000, 0x00000000ec800000, 0x00000000ec900000|  0%| F|  |TAMS 0x00000000ec800000| PB 0x00000000ec800000| Untracked 
| 201|0x00000000ec900000, 0x00000000ec900000, 0x00000000eca00000|  0%| F|  |TAMS 0x00000000ec900000| PB 0x00000000ec900000| Untracked 
| 202|0x00000000eca00000, 0x00000000eca00000, 0x00000000ecb00000|  0%| F|  |TAMS 0x00000000eca00000| PB 0x00000000eca00000| Untracked 
| 203|0x00000000ecb00000, 0x00000000ecb00000, 0x00000000ecc00000|  0%| F|  |TAMS 0x00000000ecb00000| PB 0x00000000ecb00000| Untracked 
| 204|0x00000000ecc00000, 0x00000000ecc00000, 0x00000000ecd00000|  0%| F|  |TAMS 0x00000000ecc00000| PB 0x00000000ecc00000| Untracked 
| 205|0x00000000ecd00000, 0x00000000ecd00000, 0x00000000ece00000|  0%| F|  |TAMS 0x00000000ecd00000| PB 0x00000000ecd00000| Untracked 
| 206|0x00000000ece00000, 0x00000000ece00000, 0x00000000ecf00000|  0%| F|  |TAMS 0x00000000ece00000| PB 0x00000000ece00000| Untracked 
| 207|0x00000000ecf00000, 0x00000000ecf00000, 0x00000000ed000000|  0%| F|  |TAMS 0x00000000ecf00000| PB 0x00000000ecf00000| Untracked 
| 208|0x00000000ed000000, 0x00000000ed000000, 0x00000000ed100000|  0%| F|  |TAMS 0x00000000ed000000| PB 0x00000000ed000000| Untracked 
| 209|0x00000000ed100000, 0x00000000ed100000, 0x00000000ed200000|  0%| F|  |TAMS 0x00000000ed100000| PB 0x00000000ed100000| Untracked 
| 210|0x00000000ed200000, 0x00000000ed200000, 0x00000000ed300000|  0%| F|  |TAMS 0x00000000ed200000| PB 0x00000000ed200000| Untracked 
| 211|0x00000000ed300000, 0x00000000ed300000, 0x00000000ed400000|  0%| F|  |TAMS 0x00000000ed300000| PB 0x00000000ed300000| Untracked 
| 212|0x00000000ed400000, 0x00000000ed400000, 0x00000000ed500000|  0%| F|  |TAMS 0x00000000ed400000| PB 0x00000000ed400000| Untracked 
| 213|0x00000000ed500000, 0x00000000ed600000, 0x00000000ed600000|100%| E|  |TAMS 0x00000000ed500000| PB 0x00000000ed500000| Complete 
| 214|0x00000000ed600000, 0x00000000ed700000, 0x00000000ed700000|100%| E|CS|TAMS 0x00000000ed600000| PB 0x00000000ed600000| Complete 
| 215|0x00000000ed700000, 0x00000000ed800000, 0x00000000ed800000|100%| E|CS|TAMS 0x00000000ed700000| PB 0x00000000ed700000| Complete 
| 216|0x00000000ed800000, 0x00000000ed900000, 0x00000000ed900000|100%| E|CS|TAMS 0x00000000ed800000| PB 0x00000000ed800000| Complete 
| 217|0x00000000ed900000, 0x00000000eda00000, 0x00000000eda00000|100%| E|CS|TAMS 0x00000000ed900000| PB 0x00000000ed900000| Complete 
| 218|0x00000000eda00000, 0x00000000edb00000, 0x00000000edb00000|100%| E|CS|TAMS 0x00000000eda00000| PB 0x00000000eda00000| Complete 
| 219|0x00000000edb00000, 0x00000000edc00000, 0x00000000edc00000|100%| E|CS|TAMS 0x00000000edb00000| PB 0x00000000edb00000| Complete 
| 220|0x00000000edc00000, 0x00000000edd00000, 0x00000000edd00000|100%| E|CS|TAMS 0x00000000edc00000| PB 0x00000000edc00000| Complete 
| 221|0x00000000edd00000, 0x00000000ede00000, 0x00000000ede00000|100%| E|CS|TAMS 0x00000000edd00000| PB 0x00000000edd00000| Complete 
| 222|0x00000000ede00000, 0x00000000edf00000, 0x00000000edf00000|100%| E|CS|TAMS 0x00000000ede00000| PB 0x00000000ede00000| Complete 
| 223|0x00000000edf00000, 0x00000000ee000000, 0x00000000ee000000|100%| E|CS|TAMS 0x00000000edf00000| PB 0x00000000edf00000| Complete 
| 224|0x00000000ee000000, 0x00000000ee100000, 0x00000000ee100000|100%| E|  |TAMS 0x00000000ee000000| PB 0x00000000ee000000| Complete 
| 225|0x00000000ee100000, 0x00000000ee200000, 0x00000000ee200000|100%| E|CS|TAMS 0x00000000ee100000| PB 0x00000000ee100000| Complete 
| 226|0x00000000ee200000, 0x00000000ee300000, 0x00000000ee300000|100%| E|CS|TAMS 0x00000000ee200000| PB 0x00000000ee200000| Complete 
| 227|0x00000000ee300000, 0x00000000ee400000, 0x00000000ee400000|100%| E|CS|TAMS 0x00000000ee300000| PB 0x00000000ee300000| Complete 
| 228|0x00000000ee400000, 0x00000000ee500000, 0x00000000ee500000|100%| E|CS|TAMS 0x00000000ee400000| PB 0x00000000ee400000| Complete 
| 229|0x00000000ee500000, 0x00000000ee600000, 0x00000000ee600000|100%| E|CS|TAMS 0x00000000ee500000| PB 0x00000000ee500000| Complete 
| 230|0x00000000ee600000, 0x00000000ee700000, 0x00000000ee700000|100%| E|CS|TAMS 0x00000000ee600000| PB 0x00000000ee600000| Complete 
| 231|0x00000000ee700000, 0x00000000ee800000, 0x00000000ee800000|100%| E|CS|TAMS 0x00000000ee700000| PB 0x00000000ee700000| Complete 
| 232|0x00000000ee800000, 0x00000000ee900000, 0x00000000ee900000|100%| E|CS|TAMS 0x00000000ee800000| PB 0x00000000ee800000| Complete 
| 233|0x00000000ee900000, 0x00000000eea00000, 0x00000000eea00000|100%| E|CS|TAMS 0x00000000ee900000| PB 0x00000000ee900000| Complete 
| 234|0x00000000eea00000, 0x00000000eeb00000, 0x00000000eeb00000|100%| E|CS|TAMS 0x00000000eea00000| PB 0x00000000eea00000| Complete 
| 235|0x00000000eeb00000, 0x00000000eec00000, 0x00000000eec00000|100%| E|CS|TAMS 0x00000000eeb00000| PB 0x00000000eeb00000| Complete 
| 236|0x00000000eec00000, 0x00000000eed00000, 0x00000000eed00000|100%| E|CS|TAMS 0x00000000eec00000| PB 0x00000000eec00000| Complete 
| 237|0x00000000eed00000, 0x00000000eee00000, 0x00000000eee00000|100%| E|CS|TAMS 0x00000000eed00000| PB 0x00000000eed00000| Complete 
| 238|0x00000000eee00000, 0x00000000eef00000, 0x00000000eef00000|100%| E|CS|TAMS 0x00000000eee00000| PB 0x00000000eee00000| Complete 
| 239|0x00000000eef00000, 0x00000000ef000000, 0x00000000ef000000|100%| E|CS|TAMS 0x00000000eef00000| PB 0x00000000eef00000| Complete 
| 240|0x00000000ef000000, 0x00000000ef100000, 0x00000000ef100000|100%| E|CS|TAMS 0x00000000ef000000| PB 0x00000000ef000000| Complete 
| 241|0x00000000ef100000, 0x00000000ef200000, 0x00000000ef200000|100%| E|CS|TAMS 0x00000000ef100000| PB 0x00000000ef100000| Complete 
| 242|0x00000000ef200000, 0x00000000ef300000, 0x00000000ef300000|100%| E|CS|TAMS 0x00000000ef200000| PB 0x00000000ef200000| Complete 
| 243|0x00000000ef300000, 0x00000000ef400000, 0x00000000ef400000|100%| E|CS|TAMS 0x00000000ef300000| PB 0x00000000ef300000| Complete 
| 244|0x00000000ef400000, 0x00000000ef500000, 0x00000000ef500000|100%| E|CS|TAMS 0x00000000ef400000| PB 0x00000000ef400000| Complete 
| 245|0x00000000ef500000, 0x00000000ef600000, 0x00000000ef600000|100%| E|CS|TAMS 0x00000000ef500000| PB 0x00000000ef500000| Complete 
| 246|0x00000000ef600000, 0x00000000ef700000, 0x00000000ef700000|100%| E|CS|TAMS 0x00000000ef600000| PB 0x00000000ef600000| Complete 
| 247|0x00000000ef700000, 0x00000000ef800000, 0x00000000ef800000|100%| E|CS|TAMS 0x00000000ef700000| PB 0x00000000ef700000| Complete 
| 248|0x00000000ef800000, 0x00000000ef900000, 0x00000000ef900000|100%| E|CS|TAMS 0x00000000ef800000| PB 0x00000000ef800000| Complete 
| 249|0x00000000ef900000, 0x00000000efa00000, 0x00000000efa00000|100%| E|CS|TAMS 0x00000000ef900000| PB 0x00000000ef900000| Complete 
| 250|0x00000000efa00000, 0x00000000efb00000, 0x00000000efb00000|100%| E|CS|TAMS 0x00000000efa00000| PB 0x00000000efa00000| Complete 
| 251|0x00000000efb00000, 0x00000000efc00000, 0x00000000efc00000|100%| E|CS|TAMS 0x00000000efb00000| PB 0x00000000efb00000| Complete 
| 252|0x00000000efc00000, 0x00000000efd00000, 0x00000000efd00000|100%| E|CS|TAMS 0x00000000efc00000| PB 0x00000000efc00000| Complete 
| 253|0x00000000efd00000, 0x00000000efe00000, 0x00000000efe00000|100%| E|CS|TAMS 0x00000000efd00000| PB 0x00000000efd00000| Complete 
| 254|0x00000000efe00000, 0x00000000eff00000, 0x00000000eff00000|100%| E|CS|TAMS 0x00000000efe00000| PB 0x00000000efe00000| Complete 
| 255|0x00000000eff00000, 0x00000000f0000000, 0x00000000f0000000|100%| E|CS|TAMS 0x00000000eff00000| PB 0x00000000eff00000| Complete 

Card table byte_map: [0x0000027badf90000,0x0000027bae090000] _byte_map_base: 0x0000027bad890000

Marking Bits: (CMBitMap*) 0x0000027b96880a60
 Bits: [0x0000027bae090000, 0x0000027bae890000)

Polling page: 0x0000027b96030000

Metaspace:

Usage:
  Non-class:     44.48 MB used.
      Class:      7.20 MB used.
       Both:     51.68 MB used.

Virtual space:
  Non-class space:       64.00 MB reserved,      45.25 MB ( 71%) committed,  1 nodes.
      Class space:      320.00 MB reserved,       7.94 MB (  2%) committed,  1 nodes.
             Both:      384.00 MB reserved,      53.19 MB ( 14%) committed. 

Chunk freelists:
   Non-Class:  2.32 MB
       Class:  7.98 MB
        Both:  10.29 MB

MaxMetaspaceSize: 384.00 MB
CompressedClassSpaceSize: 320.00 MB
Initial GC threshold: 21.00 MB
Current GC threshold: 59.81 MB
CDS: on
 - commit_granule_bytes: 65536.
 - commit_granule_words: 8192.
 - virtual_space_node_default_size: 8388608.
 - enlarge_chunks_in_place: 1.
 - use_allocation_guard: 0.


Internal statistics:

num_allocs_failed_limit: 12.
num_arena_births: 2650.
num_arena_deaths: 0.
num_vsnodes_births: 2.
num_vsnodes_deaths: 0.
num_space_committed: 851.
num_space_uncommitted: 0.
num_chunks_returned_to_freelist: 12.
num_chunks_taken_from_freelist: 5002.
num_chunk_merges: 12.
num_chunk_splits: 3280.
num_chunks_enlarged: 2031.
num_inconsistent_stats: 0.

CodeHeap 'non-profiled nmethods': size=120000Kb used=5869Kb max_used=5869Kb free=114130Kb
 bounds [0x0000027ba6a60000, 0x0000027ba7020000, 0x0000027badf90000]
CodeHeap 'profiled nmethods': size=120000Kb used=15684Kb max_used=15684Kb free=104315Kb
 bounds [0x0000027b9ef90000, 0x0000027b9fef0000, 0x0000027ba64c0000]
CodeHeap 'non-nmethods': size=5760Kb used=2607Kb max_used=2713Kb free=3153Kb
 bounds [0x0000027ba64c0000, 0x0000027ba6780000, 0x0000027ba6a60000]
CodeCache: size=245760Kb, used=24160Kb, max_used=24266Kb, free=221598Kb
 total_blobs=8588, nmethods=7714, adapters=777, full_count=0
Compilation: enabled, stopped_count=0, restarted_count=0

Compilation events (20 events):
Event: 16.745 Thread 0x0000027bb0eacfe0 nmethod 8141 0x0000027b9fec0710 code [0x0000027b9fec09a0, 0x0000027b9fec14a0]
Event: 16.745 Thread 0x0000027bb0eacfe0 8142       3       org.gradle.internal.service.DefaultServiceRegistry::serviceRequested (42 bytes)
Event: 16.746 Thread 0x0000027bb0eacfe0 nmethod 8142 0x0000027b9fec1890 code [0x0000027b9fec1c60, 0x0000027b9fec3498]
Event: 16.749 Thread 0x0000027bb0eacfe0 8144       3       org.codehaus.groovy.reflection.ClassInfo$LazyCachedClassRef::<init> (11 bytes)
Event: 16.749 Thread 0x0000027bb0eacfe0 nmethod 8144 0x0000027b9fec3d10 code [0x0000027b9fec3ee0, 0x0000027b9fec42e0]
Event: 16.749 Thread 0x0000027bb0eacfe0 8145       3       org.codehaus.groovy.reflection.ClassInfo$LazyClassLoaderRef::<init> (11 bytes)
Event: 16.750 Thread 0x0000027bb0eacfe0 nmethod 8145 0x0000027b9fec4490 code [0x0000027b9fec4660, 0x0000027b9fec4a60]
Event: 16.750 Thread 0x0000027bb0eacfe0 8146       3       org.codehaus.groovy.util.ManagedConcurrentLinkedQueue$Element::<init> (15 bytes)
Event: 16.750 Thread 0x0000027bcf49a6d0 nmethod 8134 0x0000027ba7017710 code [0x0000027ba70178e0, 0x0000027ba7018050]
Event: 16.750 Thread 0x0000027bcf49a6d0 8133       4       java.util.LinkedList$ListItr::next (56 bytes)
Event: 16.750 Thread 0x0000027bb0eacfe0 nmethod 8146 0x0000027b9fec4c10 code [0x0000027b9fec4de0, 0x0000027b9fec5038]
Event: 16.751 Thread 0x0000027bb0eacfe0 8147       3       org.codehaus.groovy.reflection.CachedClass$3::initValue (205 bytes)
Event: 16.753 Thread 0x0000027bb0eacfe0 nmethod 8147 0x0000027b9fec5190 code [0x0000027b9fec55c0, 0x0000027b9fec7430]
Event: 16.753 Thread 0x0000027bcf49a6d0 nmethod 8133 0x0000027ba7018310 code [0x0000027ba70184a0, 0x0000027ba70187b8]
Event: 16.758 Thread 0x0000027bcf49a6d0 8140       4       org.codehaus.groovy.reflection.ParameterTypes::getParameterTypes (16 bytes)
Event: 16.761 Thread 0x0000027bcf49a6d0 nmethod 8140 0x0000027ba7018910 code [0x0000027ba7018aa0, 0x0000027ba7018b68]
Event: 16.761 Thread 0x0000027bcf49a6d0 8136       4       java.util.stream.AbstractSpinedBuffer::count (31 bytes)
Event: 16.762 Thread 0x0000027bcf49a6d0 nmethod 8136 0x0000027ba7018c10 code [0x0000027ba7018da0, 0x0000027ba7018e80]
Event: 16.762 Thread 0x0000027bcf49a6d0 8143       4       java.util.HashSet::iterator (13 bytes)
Event: 16.768 Thread 0x0000027bb0eacfe0 8148       3       org.codehaus.groovy.reflection.ClassInfo::<init> (88 bytes)

GC Heap History (20 events):
Event: 8.087 GC heap before
{Heap before GC invocations=5 (full 0):
 garbage-first heap   total 262144K, used 162122K [0x00000000e0000000, 0x0000000100000000)
  region size 1024K, 134 young (137216K), 12 survivors (12288K)
 Metaspace       used 34798K, committed 35968K, reserved 393216K
  class space    used 5239K, committed 5824K, reserved 327680K
}
Event: 8.106 GC heap after
{Heap after GC invocations=6 (full 0):
 garbage-first heap   total 262144K, used 49526K [0x00000000e0000000, 0x0000000100000000)
  region size 1024K, 18 young (18432K), 18 survivors (18432K)
 Metaspace       used 34798K, committed 35968K, reserved 393216K
  class space    used 5239K, committed 5824K, reserved 327680K
}
Event: 8.164 GC heap before
{Heap before GC invocations=6 (full 0):
 garbage-first heap   total 262144K, used 51574K [0x00000000e0000000, 0x0000000100000000)
  region size 1024K, 21 young (21504K), 18 survivors (18432K)
 Metaspace       used 35098K, committed 36288K, reserved 393216K
  class space    used 5285K, committed 5888K, reserved 327680K
}
Event: 8.185 GC heap after
{Heap after GC invocations=7 (full 0):
 garbage-first heap   total 262144K, used 50519K [0x00000000e0000000, 0x0000000100000000)
  region size 1024K, 2 young (2048K), 2 survivors (2048K)
 Metaspace       used 35098K, committed 36288K, reserved 393216K
  class space    used 5285K, committed 5888K, reserved 327680K
}
Event: 8.233 GC heap before
{Heap before GC invocations=7 (full 0):
 garbage-first heap   total 262144K, used 51543K [0x00000000e0000000, 0x0000000100000000)
  region size 1024K, 5 young (5120K), 2 survivors (2048K)
 Metaspace       used 35469K, committed 36608K, reserved 393216K
  class space    used 5335K, committed 5888K, reserved 327680K
}
Event: 8.237 GC heap after
{Heap after GC invocations=8 (full 0):
 garbage-first heap   total 262144K, used 49559K [0x00000000e0000000, 0x0000000100000000)
  region size 1024K, 1 young (1024K), 1 survivors (1024K)
 Metaspace       used 35469K, committed 36608K, reserved 393216K
  class space    used 5335K, committed 5888K, reserved 327680K
}
Event: 10.015 GC heap before
{Heap before GC invocations=9 (full 0):
 garbage-first heap   total 262144K, used 209303K [0x00000000e0000000, 0x0000000100000000)
  region size 1024K, 153 young (156672K), 1 survivors (1024K)
 Metaspace       used 45129K, committed 46464K, reserved 393216K
  class space    used 6422K, committed 7040K, reserved 327680K
}
Event: 10.030 GC heap after
{Heap after GC invocations=10 (full 0):
 garbage-first heap   total 262144K, used 58660K [0x00000000e0000000, 0x0000000100000000)
  region size 1024K, 10 young (10240K), 10 survivors (10240K)
 Metaspace       used 45129K, committed 46464K, reserved 393216K
  class space    used 6422K, committed 7040K, reserved 327680K
}
Event: 11.724 GC heap before
{Heap before GC invocations=10 (full 0):
 garbage-first heap   total 262144K, used 205092K [0x00000000e0000000, 0x0000000100000000)
  region size 1024K, 153 young (156672K), 10 survivors (10240K)
 Metaspace       used 49973K, committed 51456K, reserved 393216K
  class space    used 7143K, committed 7872K, reserved 327680K
}
Event: 11.749 GC heap after
{Heap after GC invocations=11 (full 0):
 garbage-first heap   total 262144K, used 60846K [0x00000000e0000000, 0x0000000100000000)
  region size 1024K, 12 young (12288K), 12 survivors (12288K)
 Metaspace       used 49973K, committed 51456K, reserved 393216K
  class space    used 7143K, committed 7872K, reserved 327680K
}
Event: 12.685 GC heap before
{Heap before GC invocations=11 (full 0):
 garbage-first heap   total 262144K, used 207278K [0x00000000e0000000, 0x0000000100000000)
  region size 1024K, 153 young (156672K), 12 survivors (12288K)
 Metaspace       used 50104K, committed 51584K, reserved 393216K
  class space    used 7151K, committed 7872K, reserved 327680K
}
Event: 12.704 GC heap after
{Heap after GC invocations=12 (full 0):
 garbage-first heap   total 262144K, used 63275K [0x00000000e0000000, 0x0000000100000000)
  region size 1024K, 6 young (6144K), 6 survivors (6144K)
 Metaspace       used 50104K, committed 51584K, reserved 393216K
  class space    used 7151K, committed 7872K, reserved 327680K
}
Event: 13.404 GC heap before
{Heap before GC invocations=12 (full 0):
 garbage-first heap   total 262144K, used 212779K [0x00000000e0000000, 0x0000000100000000)
  region size 1024K, 153 young (156672K), 6 survivors (6144K)
 Metaspace       used 50170K, committed 51648K, reserved 393216K
  class space    used 7152K, committed 7872K, reserved 327680K
}
Event: 13.416 GC heap after
{Heap after GC invocations=13 (full 0):
 garbage-first heap   total 262144K, used 63275K [0x00000000e0000000, 0x0000000100000000)
  region size 1024K, 6 young (6144K), 6 survivors (6144K)
 Metaspace       used 50170K, committed 51648K, reserved 393216K
  class space    used 7152K, committed 7872K, reserved 327680K
}
Event: 13.977 GC heap before
{Heap before GC invocations=13 (full 0):
 garbage-first heap   total 262144K, used 212779K [0x00000000e0000000, 0x0000000100000000)
  region size 1024K, 153 young (156672K), 6 survivors (6144K)
 Metaspace       used 50198K, committed 51648K, reserved 393216K
  class space    used 7152K, committed 7872K, reserved 327680K
}
Event: 13.983 GC heap after
{Heap after GC invocations=14 (full 0):
 garbage-first heap   total 262144K, used 63275K [0x00000000e0000000, 0x0000000100000000)
  region size 1024K, 6 young (6144K), 6 survivors (6144K)
 Metaspace       used 50198K, committed 51648K, reserved 393216K
  class space    used 7152K, committed 7872K, reserved 327680K
}
Event: 15.008 GC heap before
{Heap before GC invocations=14 (full 0):
 garbage-first heap   total 262144K, used 213803K [0x00000000e0000000, 0x0000000100000000)
  region size 1024K, 153 young (156672K), 6 survivors (6144K)
 Metaspace       used 50343K, committed 51840K, reserved 393216K
  class space    used 7164K, committed 7872K, reserved 327680K
}
Event: 15.018 GC heap after
{Heap after GC invocations=15 (full 0):
 garbage-first heap   total 262144K, used 61501K [0x00000000e0000000, 0x0000000100000000)
  region size 1024K, 5 young (5120K), 5 survivors (5120K)
 Metaspace       used 50343K, committed 51840K, reserved 393216K
  class space    used 7164K, committed 7872K, reserved 327680K
}
Event: 15.596 GC heap before
{Heap before GC invocations=15 (full 0):
 garbage-first heap   total 262144K, used 213053K [0x00000000e0000000, 0x0000000100000000)
  region size 1024K, 153 young (156672K), 5 survivors (5120K)
 Metaspace       used 50431K, committed 51904K, reserved 393216K
  class space    used 7172K, committed 7872K, reserved 327680K
}
Event: 15.603 GC heap after
{Heap after GC invocations=16 (full 0):
 garbage-first heap   total 262144K, used 63147K [0x00000000e0000000, 0x0000000100000000)
  region size 1024K, 6 young (6144K), 6 survivors (6144K)
 Metaspace       used 50431K, committed 51904K, reserved 393216K
  class space    used 7172K, committed 7872K, reserved 327680K
}

Dll operation events (15 events):
Event: 0.010 Loaded shared library C:\Users\Veloniaina Emilien\.jdks\ms-21.0.10-1\bin\java.dll
Event: 0.038 Loaded shared library C:\Users\Veloniaina Emilien\.jdks\ms-21.0.10-1\bin\jsvml.dll
Event: 0.087 Loaded shared library C:\Users\Veloniaina Emilien\.jdks\ms-21.0.10-1\bin\zip.dll
Event: 0.092 Loaded shared library C:\Users\Veloniaina Emilien\.jdks\ms-21.0.10-1\bin\instrument.dll
Event: 0.101 Loaded shared library C:\Users\Veloniaina Emilien\.jdks\ms-21.0.10-1\bin\net.dll
Event: 0.105 Loaded shared library C:\Users\Veloniaina Emilien\.jdks\ms-21.0.10-1\bin\nio.dll
Event: 0.109 Loaded shared library C:\Users\Veloniaina Emilien\.jdks\ms-21.0.10-1\bin\zip.dll
Event: 0.318 Loaded shared library C:\Users\Veloniaina Emilien\.jdks\ms-21.0.10-1\bin\jimage.dll
Event: 0.442 Loaded shared library C:\Users\Veloniaina Emilien\.jdks\ms-21.0.10-1\bin\verify.dll
Event: 0.687 Loaded shared library C:\Users\Veloniaina Emilien\.gradle\native\c067742578af261105cb4f569cf0c3c89f3d7b1fecec35dd04571415982c5e48\windows-amd64\native-platform.dll
Event: 1.034 Loaded shared library C:\Users\Veloniaina Emilien\.gradle\native\38dada09dfb8b06ba9b0570ebf7e218e3eb74d4ef43ca46872605cf95ebc2f47\windows-amd64\native-platform-file-events.dll
Event: 1.907 Loaded shared library C:\Users\Veloniaina Emilien\.jdks\ms-21.0.10-1\bin\management.dll
Event: 1.916 Loaded shared library C:\Users\Veloniaina Emilien\.jdks\ms-21.0.10-1\bin\management_ext.dll
Event: 2.142 Loaded shared library C:\Users\Veloniaina Emilien\.jdks\ms-21.0.10-1\bin\extnet.dll
Event: 2.322 Loaded shared library C:\Users\Veloniaina Emilien\.jdks\ms-21.0.10-1\bin\sunmscapi.dll

Deoptimization events (20 events):
Event: 16.431 Thread 0x0000027bcb71f260 DEOPT PACKING pc=0x0000027ba6ffcd08 sp=0x000000e7229f80d0
Event: 16.431 Thread 0x0000027bcb71f260 DEOPT UNPACKING pc=0x0000027ba6514422 sp=0x000000e7229f8070 mode 2
Event: 16.432 Thread 0x0000027bcb71f260 Uncommon trap: trap_request=0xffffffde fr.pc=0x0000027ba6aacc90 relative=0x0000000000000070
Event: 16.432 Thread 0x0000027bcb71f260 Uncommon trap: reason=class_check action=maybe_recompile pc=0x0000027ba6aacc90 method=java.util.stream.StreamOpFlag.fromCharacteristics(Ljava/util/Spliterator;)I @ 14 c2
Event: 16.432 Thread 0x0000027bcb71f260 DEOPT PACKING pc=0x0000027ba6aacc90 sp=0x000000e7229f9000
Event: 16.432 Thread 0x0000027bcb71f260 DEOPT UNPACKING pc=0x0000027ba6514422 sp=0x000000e7229f8f90 mode 2
Event: 16.437 Thread 0x0000027bcb71f260 Uncommon trap: trap_request=0xffffff76 fr.pc=0x0000027ba6dcf650 relative=0x0000000000000230
Event: 16.437 Thread 0x0000027bcb71f260 Uncommon trap: reason=predicate action=maybe_recompile pc=0x0000027ba6dcf650 method=java.util.Arrays.fill([Ljava/lang/Object;IILjava/lang/Object;)V @ 13 c2
Event: 16.437 Thread 0x0000027bcb71f260 DEOPT PACKING pc=0x0000027ba6dcf650 sp=0x000000e7229f90b0
Event: 16.437 Thread 0x0000027bcb71f260 DEOPT UNPACKING pc=0x0000027ba6514422 sp=0x000000e7229f9080 mode 2
Event: 16.586 Thread 0x0000027bcb71f260 DEOPT PACKING pc=0x0000027b9f96b2ac sp=0x000000e7229f64c0
Event: 16.586 Thread 0x0000027bcb71f260 DEOPT UNPACKING pc=0x0000027ba6514bc2 sp=0x000000e7229f5988 mode 0
Event: 16.630 Thread 0x0000027bcb71f260 DEOPT PACKING pc=0x0000027b9f442d39 sp=0x000000e7229f7800
Event: 16.631 Thread 0x0000027bcb71f260 DEOPT UNPACKING pc=0x0000027ba6514bc2 sp=0x000000e7229f6d00 mode 0
Event: 16.697 Thread 0x0000027bcdb9fbb0 Uncommon trap: trap_request=0xffffffdc fr.pc=0x0000027ba7010940 relative=0x00000000000011e0
Event: 16.697 Thread 0x0000027bcdb9fbb0 Uncommon trap: reason=class_check action=make_not_entrant pc=0x0000027ba7010940 method=java.util.ArrayList.toArray([Ljava/lang/Object;)[Ljava/lang/Object; @ 21 c2
Event: 16.697 Thread 0x0000027bcdb9fbb0 DEOPT PACKING pc=0x0000027ba7010940 sp=0x000000e7233fe290
Event: 16.697 Thread 0x0000027bcdb9fbb0 DEOPT UNPACKING pc=0x0000027ba6514422 sp=0x000000e7233fe200 mode 2
Event: 16.697 Thread 0x0000027bcdb9fbb0 DEOPT PACKING pc=0x0000027b9f7faa89 sp=0x000000e7233fdde0
Event: 16.697 Thread 0x0000027bcdb9fbb0 DEOPT UNPACKING pc=0x0000027ba6514bc2 sp=0x000000e7233fd4f0 mode 0

Classes loaded (20 events):
Event: 15.184 Loading class java/util/HashMap$EntrySpliterator
Event: 15.185 Loading class java/util/HashMap$EntrySpliterator done
Event: 15.186 Loading class java/util/stream/SortedOps$RefSortingSink
Event: 15.186 Loading class java/util/stream/SortedOps$RefSortingSink done
Event: 15.686 Loading class java/lang/ThreadDeath
Event: 15.686 Loading class java/lang/ThreadDeath done
Event: 15.686 Loading class sun/misc/SharedSecrets
Event: 15.686 Loading class sun/misc/SharedSecrets done
Event: 15.693 Loading class java/lang/Override
Event: 15.693 Loading class java/lang/Override done
Event: 16.279 Loading class java/lang/ClassBeanInfo
Event: 16.279 Loading class java/lang/ClassBeanInfo done
Event: 16.279 Loading class java/lang/ClassBeanInfo
Event: 16.279 Loading class java/lang/ClassBeanInfo done
Event: 16.280 Loading class java/lang/ClassCustomizer
Event: 16.280 Loading class java/lang/ClassCustomizer done
Event: 16.280 Loading class java/lang/ClassCustomizer
Event: 16.280 Loading class java/lang/ClassCustomizer done
Event: 16.432 Loading class java/util/BitSet$1BitSetSpliterator
Event: 16.432 Loading class java/util/BitSet$1BitSetSpliterator done

Classes unloaded (0 events):
No events

Classes redefined (0 events):
No events

Internal exceptions (20 events):
Event: 16.469 Thread 0x0000027bcb71f260 Exception <a 'sun/nio/fs/WindowsException'{0x00000000eda78140}> (0x00000000eda78140) 
thrown [s\src\hotspot\share\prims\jni.cpp, line 520]
Event: 16.550 Thread 0x0000027bcdba5790 Exception <a 'sun/nio/fs/WindowsException'{0x00000000ed908688}> (0x00000000ed908688) 
thrown [s\src\hotspot\share\prims\jni.cpp, line 520]
Event: 16.550 Thread 0x0000027bcdba5790 Exception <a 'sun/nio/fs/WindowsException'{0x00000000ed908cb8}> (0x00000000ed908cb8) 
thrown [s\src\hotspot\share\prims\jni.cpp, line 520]
Event: 16.553 Thread 0x0000027bcdba5790 Exception <a 'sun/nio/fs/WindowsException'{0x00000000ed916930}> (0x00000000ed916930) 
thrown [s\src\hotspot\share\prims\jni.cpp, line 520]
Event: 16.555 Thread 0x0000027bcdba5790 Exception <a 'sun/nio/fs/WindowsException'{0x00000000ed916ae8}> (0x00000000ed916ae8) 
thrown [s\src\hotspot\share\prims\jni.cpp, line 520]
Event: 16.560 Thread 0x0000027bcb71f260 Exception <a 'java/lang/IncompatibleClassChangeError'{0x00000000edac63d0}: Found class java.lang.Object, but interface was expected> (0x00000000edac63d0) 
thrown [s\src\hotspot\share\interpreter\linkResolver.cpp, line 840]
Event: 16.605 Thread 0x0000027bcb71f260 Exception <a 'sun/nio/fs/WindowsException'{0x00000000ed994d70}> (0x00000000ed994d70) 
thrown [s\src\hotspot\share\prims\jni.cpp, line 520]
Event: 16.606 Thread 0x0000027bcb71f260 Exception <a 'sun/nio/fs/WindowsException'{0x00000000ed9966e0}> (0x00000000ed9966e0) 
thrown [s\src\hotspot\share\prims\jni.cpp, line 520]
Event: 16.625 Thread 0x0000027bcb71f260 Exception <a 'sun/nio/fs/WindowsException'{0x00000000ed9afd50}> (0x00000000ed9afd50) 
thrown [s\src\hotspot\share\prims\jni.cpp, line 520]
Event: 16.629 Thread 0x0000027bcb71f260 Exception <a 'sun/nio/fs/WindowsException'{0x00000000ed9aff70}> (0x00000000ed9aff70) 
thrown [s\src\hotspot\share\prims\jni.cpp, line 520]
Event: 16.696 Thread 0x0000027bcdb9fbb0 Exception <a 'sun/nio/fs/WindowsException'{0x00000000ed80d660}> (0x00000000ed80d660) 
thrown [s\src\hotspot\share\prims\jni.cpp, line 520]
Event: 16.696 Thread 0x0000027bcdb9fbb0 Exception <a 'sun/nio/fs/WindowsException'{0x00000000ed80dc90}> (0x00000000ed80dc90) 
thrown [s\src\hotspot\share\prims\jni.cpp, line 520]
Event: 16.699 Thread 0x0000027bcdb9fbb0 Exception <a 'sun/nio/fs/WindowsException'{0x00000000ed83c918}> (0x00000000ed83c918) 
thrown [s\src\hotspot\share\prims\jni.cpp, line 520]
Event: 16.700 Thread 0x0000027bcdb9fbb0 Exception <a 'sun/nio/fs/WindowsException'{0x00000000ed83cac0}> (0x00000000ed83cac0) 
thrown [s\src\hotspot\share\prims\jni.cpp, line 520]
Event: 16.738 Thread 0x0000027bcb71f260 Exception <a 'java/lang/ClassNotFoundException'{0x00000000ed8be458}: settings_b8s6v2xjfoj7ca73kcv7h43ytBeanInfo> (0x00000000ed8be458) 
thrown [s\src\hotspot\share\classfile\systemDictionary.cpp, line 312]
Event: 16.739 Thread 0x0000027bcb71f260 Exception <a 'java/lang/ClassNotFoundException'{0x00000000ed8c8970}: org/gradle/initialization/SettingsScriptBeanInfo> (0x00000000ed8c8970) 
thrown [s\src\hotspot\share\classfile\systemDictionary.cpp, line 312]
Event: 16.739 Thread 0x0000027bcb71f260 Exception <a 'java/lang/ClassNotFoundException'{0x00000000ed8d2fe8}: org/gradle/plugin/use/internal/PluginsAwareScriptBeanInfo> (0x00000000ed8d2fe8) 
thrown [s\src\hotspot\share\classfile\systemDictionary.cpp, line 312]
Event: 16.740 Thread 0x0000027bcb71f260 Exception <a 'java/lang/ClassNotFoundException'{0x00000000ed8dd658}: org/gradle/plugin/use/internal/PluginsAwareScriptCustomizer> (0x00000000ed8dd658) 
thrown [s\src\hotspot\share\classfile\systemDictionary.cpp, line 312]
Event: 16.740 Thread 0x0000027bcb71f260 Exception <a 'java/lang/ClassNotFoundException'{0x00000000ed8efec8}: org/gradle/initialization/SettingsScriptCustomizer> (0x00000000ed8efec8) 
thrown [s\src\hotspot\share\classfile\systemDictionary.cpp, line 312]
Event: 16.742 Thread 0x0000027bcb71f260 Exception <a 'java/lang/ClassNotFoundException'{0x00000000ed8fe840}: settings_b8s6v2xjfoj7ca73kcv7h43ytCustomizer> (0x00000000ed8fe840) 
thrown [s\src\hotspot\share\classfile\systemDictionary.cpp, line 312]

ZGC Phase Switch (0 events):
No events

VM Operations (20 events):
Event: 12.373 Executing non-safepoint VM operation: HandshakeAllThreads (Deoptimize)
Event: 12.375 Executing non-safepoint VM operation: HandshakeAllThreads (Deoptimize) done
Event: 12.376 Executing non-safepoint VM operation: HandshakeAllThreads (Deoptimize)
Event: 12.376 Executing non-safepoint VM operation: HandshakeAllThreads (Deoptimize) done
Event: 12.685 Executing safepoint VM operation: G1CollectForAllocation (G1 Evacuation Pause)
Event: 12.704 Executing safepoint VM operation: G1CollectForAllocation (G1 Evacuation Pause) done
Event: 13.404 Executing safepoint VM operation: G1CollectForAllocation (G1 Evacuation Pause)
Event: 13.416 Executing safepoint VM operation: G1CollectForAllocation (G1 Evacuation Pause) done
Event: 13.966 Executing safepoint VM operation: G1CollectForAllocation (G1 Evacuation Pause)
Event: 13.983 Executing safepoint VM operation: G1CollectForAllocation (G1 Evacuation Pause) done
Event: 14.991 Executing safepoint VM operation: Cleanup
Event: 14.991 Executing safepoint VM operation: Cleanup done
Event: 15.008 Executing safepoint VM operation: G1CollectForAllocation (G1 Evacuation Pause)
Event: 15.018 Executing safepoint VM operation: G1CollectForAllocation (G1 Evacuation Pause) done
Event: 15.596 Executing safepoint VM operation: G1CollectForAllocation (G1 Evacuation Pause)
Event: 15.603 Executing safepoint VM operation: G1CollectForAllocation (G1 Evacuation Pause) done
Event: 15.817 Executing safepoint VM operation: ICBufferFull
Event: 15.817 Executing safepoint VM operation: ICBufferFull done
Event: 16.429 Executing safepoint VM operation: ICBufferFull
Event: 16.429 Executing safepoint VM operation: ICBufferFull done

Memory protections (0 events):
No events

Nmethod flushes (20 events):
Event: 8.309 Thread 0x0000027bb0e7cf90 flushing  nmethod 0x0000027b9f246f10
Event: 8.309 Thread 0x0000027bb0e7cf90 flushing  nmethod 0x0000027b9f248510
Event: 8.309 Thread 0x0000027bb0e7cf90 flushing  nmethod 0x0000027b9f249090
Event: 8.309 Thread 0x0000027bb0e7cf90 flushing  nmethod 0x0000027b9f24a190
Event: 8.309 Thread 0x0000027bb0e7cf90 flushing  nmethod 0x0000027b9f26cc10
Event: 8.309 Thread 0x0000027bb0e7cf90 flushing  nmethod 0x0000027b9f272810
Event: 8.309 Thread 0x0000027bb0e7cf90 flushing  nmethod 0x0000027b9f274c90
Event: 8.309 Thread 0x0000027bb0e7cf90 flushing  nmethod 0x0000027b9f283210
Event: 8.309 Thread 0x0000027bb0e7cf90 flushing  nmethod 0x0000027b9f288a10
Event: 8.309 Thread 0x0000027bb0e7cf90 flushing  nmethod 0x0000027b9f289410
Event: 8.309 Thread 0x0000027bb0e7cf90 flushing  nmethod 0x0000027b9f2d5410
Event: 8.309 Thread 0x0000027bb0e7cf90 flushing  nmethod 0x0000027b9f2d7e90
Event: 8.309 Thread 0x0000027bb0e7cf90 flushing  nmethod 0x0000027b9f2d8210
Event: 8.309 Thread 0x0000027bb0e7cf90 flushing  nmethod 0x0000027b9f2da910
Event: 8.309 Thread 0x0000027bb0e7cf90 flushing  nmethod 0x0000027b9f312a10
Event: 8.309 Thread 0x0000027bb0e7cf90 flushing  nmethod 0x0000027b9f321290
Event: 8.309 Thread 0x0000027bb0e7cf90 flushing  nmethod 0x0000027b9f321b90
Event: 8.309 Thread 0x0000027bb0e7cf90 flushing  nmethod 0x0000027b9f32c510
Event: 8.309 Thread 0x0000027bb0e7cf90 flushing  nmethod 0x0000027b9f406110
Event: 8.309 Thread 0x0000027bb0e7cf90 flushing  nmethod 0x0000027b9f4ab890

Events (20 events):
Event: 2.765 Thread 0x0000027bcb71f260 Thread added: 0x0000027bcbe7cdf0
Event: 2.811 Thread 0x0000027bcb71f260 Thread added: 0x0000027bcbe7b3b0
Event: 3.832 Thread 0x0000027bcb71f260 Thread added: 0x0000027bcbe7e1a0
Event: 4.015 Thread 0x0000027bcb71f260 Thread added: 0x0000027bcbe7ad20
Event: 4.021 Thread 0x0000027bcb71f260 Thread added: 0x0000027bcdba1c80
Event: 4.655 Thread 0x0000027bcabf0ac0 Thread exited: 0x0000027bcabf0ac0
Event: 5.910 Thread 0x0000027bcb71f260 Thread added: 0x0000027bcdba5100
Event: 5.911 Thread 0x0000027bcb71f260 Thread added: 0x0000027bcdb9fbb0
Event: 5.911 Thread 0x0000027bcb71f260 Thread added: 0x0000027bcdba5790
Event: 5.911 Thread 0x0000027bcb71f260 Thread added: 0x0000027bcdba0240
Event: 5.927 Thread 0x0000027bb0eacfe0 Thread added: 0x0000027bcd99e490
Event: 6.408 Thread 0x0000027bcb71f260 Thread added: 0x0000027bcdba29a0
Event: 6.461 Thread 0x0000027bcb71f260 Thread added: 0x0000027bcdb9e800
Event: 6.475 Thread 0x0000027bcb71f260 Thread added: 0x0000027bcdba2310
Event: 6.702 Thread 0x0000027bcb71f260 Thread added: 0x0000027bcdba08d0
Event: 10.927 Thread 0x0000027bcb71f260 Thread added: 0x0000027bcdba0f60
Event: 10.928 Thread 0x0000027bcb71f260 Thread added: 0x0000027bcdb9f520
Event: 10.929 Thread 0x0000027bcb71f260 Thread added: 0x0000027bcdba3d50
Event: 16.092 Thread 0x0000027bcd99e490 Thread exited: 0x0000027bcd99e490
Event: 16.211 Thread 0x0000027bb0ea8520 Thread added: 0x0000027bcf49a6d0


Dynamic libraries:
0x00007ff7f32c0000 - 0x00007ff7f32ce000 	C:\Users\Veloniaina Emilien\.jdks\ms-21.0.10-1\bin\java.exe
0x00007ff9b44f0000 - 0x00007ff9b46e8000 	C:\Windows\SYSTEM32\ntdll.dll
0x00007ff9b2580000 - 0x00007ff9b263f000 	C:\Windows\System32\KERNEL32.DLL
0x00007ff9b2070000 - 0x00007ff9b2366000 	C:\Windows\System32\KERNELBASE.dll
0x00007ff9b1f00000 - 0x00007ff9b2000000 	C:\Windows\System32\ucrtbase.dll
0x00007ff981c90000 - 0x00007ff981cae000 	C:\Users\Veloniaina Emilien\.jdks\ms-21.0.10-1\bin\VCRUNTIME140.dll
0x00007ff97df70000 - 0x00007ff97df88000 	C:\Users\Veloniaina Emilien\.jdks\ms-21.0.10-1\bin\jli.dll
0x00007ff9b4310000 - 0x00007ff9b44ad000 	C:\Windows\System32\USER32.dll
0x00007ff9b2490000 - 0x00007ff9b24b2000 	C:\Windows\System32\win32u.dll
0x00007ff99e4c0000 - 0x00007ff99e75a000 	C:\Windows\WinSxS\amd64_microsoft.windows.common-controls_6595b64144ccf1df_6.0.19041.1110_none_60b5254171f9507e\COMCTL32.dll
0x00007ff9b2550000 - 0x00007ff9b257c000 	C:\Windows\System32\GDI32.dll
0x00007ff9b2920000 - 0x00007ff9b29be000 	C:\Windows\System32\msvcrt.dll
0x00007ff9b2370000 - 0x00007ff9b2485000 	C:\Windows\System32\gdi32full.dll
0x00007ff9b1e60000 - 0x00007ff9b1efd000 	C:\Windows\System32\msvcp_win.dll
0x00007ff9b3e40000 - 0x00007ff9b3e70000 	C:\Windows\System32\IMM32.DLL
0x00007ff981c80000 - 0x00007ff981c8c000 	C:\Users\Veloniaina Emilien\.jdks\ms-21.0.10-1\bin\vcruntime140_1.dll
0x00007ff92cc50000 - 0x00007ff92ccd9000 	C:\Users\Veloniaina Emilien\.jdks\ms-21.0.10-1\bin\msvcp140.dll
0x00007ff92bea0000 - 0x00007ff92cc4d000 	C:\Users\Veloniaina Emilien\.jdks\ms-21.0.10-1\bin\server\jvm.dll
0x00007ff9b31c0000 - 0x00007ff9b326f000 	C:\Windows\System32\ADVAPI32.dll
0x00007ff9b34d0000 - 0x00007ff9b356c000 	C:\Windows\System32\sechost.dll
0x00007ff9b3280000 - 0x00007ff9b33a6000 	C:\Windows\System32\RPCRT4.dll
0x00007ff9b3150000 - 0x00007ff9b31bb000 	C:\Windows\System32\WS2_32.dll
0x00007ff9ac130000 - 0x00007ff9ac13a000 	C:\Windows\SYSTEM32\VERSION.dll
0x00007ff991480000 - 0x00007ff9914a7000 	C:\Windows\SYSTEM32\WINMM.dll
0x00007ff9b11a0000 - 0x00007ff9b11eb000 	C:\Windows\SYSTEM32\POWRPROF.dll
0x00007ff9b1010000 - 0x00007ff9b1022000 	C:\Windows\SYSTEM32\UMPDC.dll
0x00007ff9afa90000 - 0x00007ff9afaa2000 	C:\Windows\SYSTEM32\kernel.appcore.dll
0x00007ff97df60000 - 0x00007ff97df6a000 	C:\Users\Veloniaina Emilien\.jdks\ms-21.0.10-1\bin\jimage.dll
0x00007ff99ce80000 - 0x00007ff99d064000 	C:\Windows\SYSTEM32\DBGHELP.DLL
0x00007ff99c330000 - 0x00007ff99c364000 	C:\Windows\SYSTEM32\dbgcore.DLL
0x00007ff9b24c0000 - 0x00007ff9b2542000 	C:\Windows\System32\bcryptPrimitives.dll
0x00007ff977260000 - 0x00007ff977270000 	C:\Users\Veloniaina Emilien\.jdks\ms-21.0.10-1\bin\instrument.dll
0x00007ff92be70000 - 0x00007ff92be91000 	C:\Users\Veloniaina Emilien\.jdks\ms-21.0.10-1\bin\java.dll
0x00007ff9b3690000 - 0x00007ff9b3dd4000 	C:\Windows\System32\SHELL32.dll
0x00007ff9afc90000 - 0x00007ff9b0423000 	C:\Windows\SYSTEM32\windows.storage.dll
0x00007ff9b3e70000 - 0x00007ff9b41c4000 	C:\Windows\System32\combase.dll
0x00007ff9b1630000 - 0x00007ff9b165e000 	C:\Windows\SYSTEM32\Wldp.dll
0x00007ff9b4200000 - 0x00007ff9b42ad000 	C:\Windows\System32\SHCORE.dll
0x00007ff9b30f0000 - 0x00007ff9b3145000 	C:\Windows\System32\shlwapi.dll
0x00007ff9b1b10000 - 0x00007ff9b1b2f000 	C:\Windows\SYSTEM32\profapi.dll
0x00007ff92bd90000 - 0x00007ff92be66000 	C:\Users\Veloniaina Emilien\.jdks\ms-21.0.10-1\bin\jsvml.dll
0x00007ff949000000 - 0x00007ff949018000 	C:\Users\Veloniaina Emilien\.jdks\ms-21.0.10-1\bin\zip.dll
0x00007ff92bd30000 - 0x00007ff92bd41000 	C:\Users\Veloniaina Emilien\.jdks\ms-21.0.10-1\bin\net.dll
0x00007ff9a9ef0000 - 0x00007ff9a9ffa000 	C:\Windows\SYSTEM32\WINHTTP.dll
0x00007ff9b1390000 - 0x00007ff9b13fa000 	C:\Windows\system32\mswsock.dll
0x00007ff92bd10000 - 0x00007ff92bd26000 	C:\Users\Veloniaina Emilien\.jdks\ms-21.0.10-1\bin\nio.dll
0x00007ff9a7de0000 - 0x00007ff9a7df0000 	C:\Users\Veloniaina Emilien\.jdks\ms-21.0.10-1\bin\verify.dll
0x00007ff990330000 - 0x00007ff990357000 	C:\Users\Veloniaina Emilien\.gradle\native\c067742578af261105cb4f569cf0c3c89f3d7b1fecec35dd04571415982c5e48\windows-amd64\native-platform.dll
0x00007ff92b580000 - 0x00007ff92b6c4000 	C:\Users\Veloniaina Emilien\.gradle\native\38dada09dfb8b06ba9b0570ebf7e218e3eb74d4ef43ca46872605cf95ebc2f47\windows-amd64\native-platform-file-events.dll
0x00007ff9a7dd0000 - 0x00007ff9a7dda000 	C:\Users\Veloniaina Emilien\.jdks\ms-21.0.10-1\bin\management.dll
0x00007ff9a7dc0000 - 0x00007ff9a7dcc000 	C:\Users\Veloniaina Emilien\.jdks\ms-21.0.10-1\bin\management_ext.dll
0x00007ff9b3430000 - 0x00007ff9b3438000 	C:\Windows\System32\PSAPI.DLL
0x00007ff9b1590000 - 0x00007ff9b15a8000 	C:\Windows\SYSTEM32\CRYPTSP.dll
0x00007ff9b0c40000 - 0x00007ff9b0c74000 	C:\Windows\system32\rsaenh.dll
0x00007ff9b1de0000 - 0x00007ff9b1e07000 	C:\Windows\System32\bcrypt.dll
0x00007ff9b1ad0000 - 0x00007ff9b1afe000 	C:\Windows\SYSTEM32\USERENV.dll
0x00007ff9b1580000 - 0x00007ff9b158c000 	C:\Windows\SYSTEM32\CRYPTBASE.dll
0x00007ff9b1030000 - 0x00007ff9b106c000 	C:\Windows\SYSTEM32\IPHLPAPI.DLL
0x00007ff9b41d0000 - 0x00007ff9b41d8000 	C:\Windows\System32\NSI.dll
0x00007ff9a7db0000 - 0x00007ff9a7db9000 	C:\Users\Veloniaina Emilien\.jdks\ms-21.0.10-1\bin\extnet.dll
0x00007ff9a7da0000 - 0x00007ff9a7dae000 	C:\Users\Veloniaina Emilien\.jdks\ms-21.0.10-1\bin\sunmscapi.dll
0x00007ff9b1bd0000 - 0x00007ff9b1d2e000 	C:\Windows\System32\CRYPT32.dll
0x00007ff9b16a0000 - 0x00007ff9b16c8000 	C:\Windows\SYSTEM32\ncrypt.dll
0x00007ff9b1660000 - 0x00007ff9b169b000 	C:\Windows\SYSTEM32\NTASN1.dll
0x00007ff96e680000 - 0x00007ff96e687000 	C:\Windows\system32\wshunix.dll
0x00007ff9b0d80000 - 0x00007ff9b0db3000 	C:\Windows\SYSTEM32\ntmarta.dll

JVMTI agents:
C:\Users\Veloniaina Emilien\.gradle\wrapper\dists\gradle-8.7-bin\bhs2wmbdwecv87pi65oeuq5iu\gradle-8.7\lib\agents\gradle-instrumentation-agent-8.7.jar path:C:\Users\Veloniaina Emilien\.jdks\ms-21.0.10-1\bin\instrument.dll, loaded, initialized, instrumentlib options:none

dbghelp: loaded successfully - version: 4.0.5 - missing functions: none
symbol engine: initialized successfully - sym options: 0x614 - pdb path: .;C:\Users\Veloniaina Emilien\.jdks\ms-21.0.10-1\bin;C:\Windows\SYSTEM32;C:\Windows\WinSxS\amd64_microsoft.windows.common-controls_6595b64144ccf1df_6.0.19041.1110_none_60b5254171f9507e;C:\Users\Veloniaina Emilien\.jdks\ms-21.0.10-1\bin\server;C:\Users\Veloniaina Emilien\.gradle\native\c067742578af261105cb4f569cf0c3c89f3d7b1fecec35dd04571415982c5e48\windows-amd64;C:\Users\Veloniaina Emilien\.gradle\native\38dada09dfb8b06ba9b0570ebf7e218e3eb74d4ef43ca46872605cf95ebc2f47\windows-amd64

VM Arguments:
jvm_args: --add-opens=java.base/java.util=ALL-UNNAMED --add-opens=java.base/java.lang=ALL-UNNAMED --add-opens=java.base/java.lang.invoke=ALL-UNNAMED --add-opens=java.prefs/java.util.prefs=ALL-UNNAMED --add-opens=java.base/java.nio.charset=ALL-UNNAMED --add-opens=java.base/java.net=ALL-UNNAMED --add-opens=java.base/java.util.concurrent.atomic=ALL-UNNAMED -XX:MaxMetaspaceSize=384m -XX:+HeapDumpOnOutOfMemoryError -Xms256m -Xmx512m -Dfile.encoding=UTF-8 -Duser.country=FR -Duser.language=fr -Duser.variant -javaagent:C:\Users\Veloniaina Emilien\.gradle\wrapper\dists\gradle-8.7-bin\bhs2wmbdwecv87pi65oeuq5iu\gradle-8.7\lib\agents\gradle-instrumentation-agent-8.7.jar 
java_command: org.gradle.launcher.daemon.bootstrap.GradleDaemon 8.7
java_class_path (initial): C:\Users\Veloniaina Emilien\.gradle\wrapper\dists\gradle-8.7-bin\bhs2wmbdwecv87pi65oeuq5iu\gradle-8.7\lib\gradle-launcher-8.7.jar
Launcher Type: SUN_STANDARD

[Global flags]
     intx CICompilerCount                          = 3                                         {product} {ergonomic}
   size_t CompressedClassSpaceSize                 = 335544320                                 {product} {ergonomic}
     uint ConcGCThreads                            = 1                                         {product} {ergonomic}
     uint G1ConcRefinementThreads                  = 4                                         {product} {ergonomic}
   size_t G1HeapRegionSize                         = 1048576                                   {product} {ergonomic}
    uintx GCDrainStackTargetSize                   = 64                                        {product} {ergonomic}
     bool HeapDumpOnOutOfMemoryError               = true                                   {manageable} {command line}
   size_t InitialHeapSize                          = 268435456                                 {product} {command line}
   size_t MarkStackSize                            = 4194304                                   {product} {ergonomic}
   size_t MaxHeapSize                              = 536870912                                 {product} {command line}
   size_t MaxMetaspaceSize                         = 402653184                                 {product} {command line}
   size_t MaxNewSize                               = 321912832                                 {product} {ergonomic}
   size_t MinHeapDeltaBytes                        = 1048576                                   {product} {ergonomic}
   size_t MinHeapSize                              = 268435456                                 {product} {command line}
    uintx NonNMethodCodeHeapSize                   = 5832780                                {pd product} {ergonomic}
    uintx NonProfiledCodeHeapSize                  = 122912730                              {pd product} {ergonomic}
    uintx ProfiledCodeHeapSize                     = 122912730                              {pd product} {ergonomic}
    uintx ReservedCodeCacheSize                    = 251658240                              {pd product} {ergonomic}
     bool SegmentedCodeCache                       = true                                      {product} {ergonomic}
   size_t SoftMaxHeapSize                          = 536870912                              {manageable} {ergonomic}
     bool UseCompressedOops                        = true                           {product lp64_product} {ergonomic}
     bool UseG1GC                                  = true                                      {product} {ergonomic}
     bool UseLargePagesIndividualAllocation        = false                                  {pd product} {ergonomic}

Logging:
Log output configuration:
 #0: stdout all=warning uptime,level,tags foldmultilines=false
 #1: stderr all=off uptime,level,tags foldmultilines=false

Release file:
IMPLEMENTOR="Microsoft" 
IMPLEMENTOR_VERSION="Microsoft-13106404" 
JAVA_RUNTIME_VERSION="21.0.10+7-LTS" 
JAVA_VERSION="21.0.10" 
JAVA_VERSION_DATE="2026-01-20" 
LIBC="default" 
MODULES="java.base java.compiler java.datatransfer java.xml java.prefs java.desktop java.instrument java.logging java.management java.security.sasl java.naming java.rmi java.management.rmi java.net.http java.scripting java.security.jgss java.transaction.xa java.sql java.sql.rowset java.xml.crypto java.se java.smartcardio jdk.accessibility jdk.internal.jvmstat jdk.attach jdk.charsets jdk.internal.opt jdk.zipfs jdk.compiler jdk.crypto.ec jdk.crypto.cryptoki jdk.crypto.mscapi jdk.dynalink jdk.internal.ed jdk.editpad jdk.hotspot.agent jdk.httpserver jdk.incubator.vector jdk.internal.le jdk.internal.vm.ci jdk.internal.vm.compiler jdk.internal.vm.compiler.management jdk.jartool jdk.javadoc jdk.jcmd jdk.management jdk.management.agent jdk.jconsole jdk.jdeps jdk.jdwp.agent jdk.jdi jdk.jfr jdk.jlink jdk.jpackage jdk.jshell jdk.jsobject jdk.jstatd jdk.localedata jdk.management.jfr jdk.naming.dns jdk.naming.rmi jdk.net jdk.nio.mapmode jdk.random jdk.sctp jdk.security.auth jdk.security.jgss jdk.unsupported jdk.unsupported.desktop jdk.xml.dom" 
OS_ARCH="x86_64" 
OS_NAME="Windows" 
SOURCE=".:git:e69b6ef7382e" 

Environment Variables:
PATH=C:\Program Files\Common Files\Oracle\Java\javapath;C:\Windows\system32;C:\Windows;C:\Windows\System32\Wbem;C:\Windows\System32\WindowsPowerShell\v1.0\;C:\Windows\System32\OpenSSH\;C:\Program Files\Git\cmd;C:\Program Files\nodejs\;C:\Users\Veloniaina Emilien\AppData\Local\Microsoft\WindowsApps;C:\Users\Veloniaina Emilien\AppData\Local\Programs\Microsoft VS Code\bin;C:\Users\Veloniaina Emilien\AppData\Roaming\npm;C:\Users\Veloniaina Emilien\AppData\Local\JetBrains\Toolbox\scripts;
USERNAME=Veloniaina Emilien
OS=Windows_NT
PROCESSOR_IDENTIFIER=Intel64 Family 6 Model 142 Stepping 9, GenuineIntel
TMP=C:\Users\Veloniaina Emilien\AppData\Local\Temp
TEMP=C:\Users\Veloniaina Emilien\AppData\Local\Temp




Periodic native trim disabled

---------------  S Y S T E M  ---------------

OS:
 Windows 10 , 64 bit Build 19041 (10.0.19041.2913)
OS uptime: 0 days 1:46 hours

CPU: total 4 (initial active 4) (2 cores per cpu, 2 threads per core) family 6 model 142 stepping 9 microcode 0xb4, cx8, cmov, fxsr, ht, mmx, 3dnowpref, sse, sse2, sse3, ssse3, sse4.1, sse4.2, popcnt, lzcnt, tsc, tscinvbit, avx, avx2, aes, erms, clmul, bmi1, bmi2, adx, fma, vzeroupper, clflush, clflushopt, rdtscp, f16c
Processor Information for the first 4 processors :
  Max Mhz: 2904, Current Mhz: 2703, Mhz Limit: 2700

Memory: 4k page, system-wide physical 8072M (834M free)
TotalPageFile size 9105M (AvailPageFile size 37M)
current process WorkingSet (physical memory assigned to process): 417M, peak: 435M
current process commit charge ("private bytes"): 487M, peak: 507M

vm_info: OpenJDK 64-Bit Server VM (21.0.10+7-LTS) for windows-amd64 JRE (21.0.10+7-LTS), built on 2026-01-15T18:39:42Z by "MicrosoftCorporation" with MS VC++ 17.14 (VS2022)

END.
